Component: ARM Compiler 5.06 update 5 (build 528) Tool: armlink [4d35e2]

==============================================================================

Section Cross References

    startup_stm32f10x_md.o(STACK) refers (Special) to heapauxi.o(.text) for __use_two_region_memory
    startup_stm32f10x_md.o(HEAP) refers (Special) to heapauxi.o(.text) for __use_two_region_memory
    startup_stm32f10x_md.o(RESET) refers (Special) to heapauxi.o(.text) for __use_two_region_memory
    startup_stm32f10x_md.o(RESET) refers to startup_stm32f10x_md.o(STACK) for __initial_sp
    startup_stm32f10x_md.o(RESET) refers to startup_stm32f10x_md.o(.text) for Reset_Handler
    startup_stm32f10x_md.o(RESET) refers to stm32f10x_it.o(i.NMI_Handler) for NMI_Handler
    startup_stm32f10x_md.o(RESET) refers to stm32f10x_it.o(i.HardFault_Handler) for HardFault_Handler
    startup_stm32f10x_md.o(RESET) refers to stm32f10x_it.o(i.MemManage_Handler) for MemManage_Handler
    startup_stm32f10x_md.o(RESET) refers to stm32f10x_it.o(i.BusFault_Handler) for BusFault_Handler
    startup_stm32f10x_md.o(RESET) refers to stm32f10x_it.o(i.UsageFault_Handler) for UsageFault_Handler
    startup_stm32f10x_md.o(RESET) refers to stm32f10x_it.o(i.SVC_Handler) for SVC_Handler
    startup_stm32f10x_md.o(RESET) refers to stm32f10x_it.o(i.DebugMon_Handler) for DebugMon_Handler
    startup_stm32f10x_md.o(RESET) refers to stm32f10x_it.o(i.PendSV_Handler) for PendSV_Handler
    startup_stm32f10x_md.o(RESET) refers to stm32f10x_it.o(i.SysTick_Handler) for SysTick_Handler
    startup_stm32f10x_md.o(RESET) refers to usart1.o(i.USART1_IRQHandler) for USART1_IRQHandler
    startup_stm32f10x_md.o(RESET) refers to esp8266.o(i.USART2_IRQHandler) for USART2_IRQHandler
    startup_stm32f10x_md.o(.text) refers (Special) to heapauxi.o(.text) for __use_two_region_memory
    startup_stm32f10x_md.o(.text) refers to system_stm32f10x.o(i.SystemInit) for SystemInit
    startup_stm32f10x_md.o(.text) refers to __main.o(!!!main) for __main
    startup_stm32f10x_md.o(.text) refers to startup_stm32f10x_md.o(HEAP) for Heap_Mem
    startup_stm32f10x_md.o(.text) refers to startup_stm32f10x_md.o(STACK) for Stack_Mem
    system_stm32f10x.o(i.SetSysClock) refers to system_stm32f10x.o(i.SetSysClockTo72) for SetSysClockTo72
    system_stm32f10x.o(i.SystemCoreClockUpdate) refers to system_stm32f10x.o(.data) for SystemCoreClock
    system_stm32f10x.o(i.SystemInit) refers to system_stm32f10x.o(i.SetSysClock) for SetSysClock
    stm32f10x_adc.o(i.ADC_DeInit) refers to stm32f10x_rcc.o(i.RCC_APB2PeriphResetCmd) for RCC_APB2PeriphResetCmd
    stm32f10x_bkp.o(i.BKP_DeInit) refers to stm32f10x_rcc.o(i.RCC_BackupResetCmd) for RCC_BackupResetCmd
    stm32f10x_can.o(i.CAN_DeInit) refers to stm32f10x_rcc.o(i.RCC_APB1PeriphResetCmd) for RCC_APB1PeriphResetCmd
    stm32f10x_can.o(i.CAN_GetITStatus) refers to stm32f10x_can.o(i.CheckITStatus) for CheckITStatus
    stm32f10x_cec.o(i.CEC_DeInit) refers to stm32f10x_rcc.o(i.RCC_APB1PeriphResetCmd) for RCC_APB1PeriphResetCmd
    stm32f10x_dac.o(i.DAC_DeInit) refers to stm32f10x_rcc.o(i.RCC_APB1PeriphResetCmd) for RCC_APB1PeriphResetCmd
    stm32f10x_flash.o(i.FLASH_EnableWriteProtection) refers to stm32f10x_flash.o(i.FLASH_WaitForLastOperation) for FLASH_WaitForLastOperation
    stm32f10x_flash.o(i.FLASH_EraseAllBank1Pages) refers to stm32f10x_flash.o(i.FLASH_WaitForLastBank1Operation) for FLASH_WaitForLastBank1Operation
    stm32f10x_flash.o(i.FLASH_EraseAllPages) refers to stm32f10x_flash.o(i.FLASH_WaitForLastOperation) for FLASH_WaitForLastOperation
    stm32f10x_flash.o(i.FLASH_EraseOptionBytes) refers to stm32f10x_flash.o(i.FLASH_GetReadOutProtectionStatus) for FLASH_GetReadOutProtectionStatus
    stm32f10x_flash.o(i.FLASH_EraseOptionBytes) refers to stm32f10x_flash.o(i.FLASH_WaitForLastOperation) for FLASH_WaitForLastOperation
    stm32f10x_flash.o(i.FLASH_ErasePage) refers to stm32f10x_flash.o(i.FLASH_WaitForLastOperation) for FLASH_WaitForLastOperation
    stm32f10x_flash.o(i.FLASH_ProgramHalfWord) refers to stm32f10x_flash.o(i.FLASH_WaitForLastOperation) for FLASH_WaitForLastOperation
    stm32f10x_flash.o(i.FLASH_ProgramOptionByteData) refers to stm32f10x_flash.o(i.FLASH_WaitForLastOperation) for FLASH_WaitForLastOperation
    stm32f10x_flash.o(i.FLASH_ProgramWord) refers to stm32f10x_flash.o(i.FLASH_WaitForLastOperation) for FLASH_WaitForLastOperation
    stm32f10x_flash.o(i.FLASH_ReadOutProtection) refers to stm32f10x_flash.o(i.FLASH_WaitForLastOperation) for FLASH_WaitForLastOperation
    stm32f10x_flash.o(i.FLASH_UserOptionByteConfig) refers to stm32f10x_flash.o(i.FLASH_WaitForLastOperation) for FLASH_WaitForLastOperation
    stm32f10x_flash.o(i.FLASH_WaitForLastBank1Operation) refers to stm32f10x_flash.o(i.FLASH_GetBank1Status) for FLASH_GetBank1Status
    stm32f10x_flash.o(i.FLASH_WaitForLastOperation) refers to stm32f10x_flash.o(i.FLASH_GetBank1Status) for FLASH_GetBank1Status
[...]
    .text                                    0x08000568   Section      100  rt_memcpy_w.o(.text)
    .text                                    0x080005cc   Section       68  rt_memclr.o(.text)
    .text                                    0x08000610   Section       78  rt_memclr_w.o(.text)
    .text                                    0x08000660   Section      128  strcmpv7m.o(.text)
    .text                                    0x080006e0   Section        0  heapauxi.o(.text)
    .text                                    0x080006e8   Section       16  rt_ctype_table.o(.text)
    .text                                    0x080006f8   Section        8  rt_heap_descriptor_intlibspace.o(.text)
    .text                                    0x08000700   Section        0  hguard.o(.text)
    .text                                    0x08000704   Section        0  init_alloc.o(.text)
    .text                                    0x0800078e   Section        0  h1_init.o(.text)
    .text                                    0x0800079c   Section        0  _rserrno.o(.text)
    .text                                    0x080007b4   Section        0  scanf_fp.o(.text)
    _fp_value                                0x080007b5   Thumb Code   588  scanf_fp.o(.text)
    .text                                    0x08000cac   Section        0  _sgetc.o(.text)
    .text                                    0x08000cec   Section        0  strtod.o(.text)
    _local_sscanf                            0x08000ced   Thumb Code    60  strtod.o(.text)
    .text                                    0x08000d90   Section        0  __strtoull.o(.text)
    .text                                    0x08000e0c   Section        8  libspace.o(.text)
    .text                                    0x08000e14   Section        8  rt_locale_intlibspace.o(.text)
    .text                                    0x08000e1c   Section        8  rt_errno_addr_intlibspace.o(.text)
    .text                                    0x08000e24   Section        0  h1_extend.o(.text)
    .text                                    0x08000e58   Section        0  isspace.o(.text)
    .text                                    0x08000e6a   Section        0  _strtoull.o(.text)
    .text                                    0x08000f2c   Section        0  bigflt0.o(.text)
    .text                                    0x08001010   Section        0  defsig_rtmem_outer.o(.text)
    .text                                    0x0800101e   Section        2  use_no_semi.o(.text)
    .text                                    0x08001020   Section        0  indicate_semi.o(.text)
    .text                                    0x08001020   Section       74  sys_stackheap_outer.o(.text)
    .text                                    0x0800106a   Section        0  _chval.o(.text)
    .text                                    0x08001088   Section        0  scanf_hexfp.o(.text)
    .text                                    0x080013a8   Section        0  scanf_infnan.o(.text)
    .text                                    0x080014dc   Section        0  exit.o(.text)
    .text                                    0x080014ee   Section        0  defsig_exit.o(.text)
    .text                                    0x080014f8   Section        0  defsig_rtmem_inner.o(.text)
    .text                                    0x08001548   Section        0  sys_exit.o(.text)
    .text                                    0x08001554   Section       38  llshl.o(.text)
    .text                                    0x0800157a   Section        0  defsig_general.o(.text)
    .text                                    0x080015ac   Section        0  sys_wrch.o(.text)
    CL$$btod_div_common                      0x080015ba   Section      824  btod.o(CL$$btod_div_common)
    CL$$btod_e2d                             0x080018f4   Section      132  btod.o(CL$$btod_e2d)
    CL$$btod_e2e                             0x08001978   Section      220  btod.o(CL$$btod_e2e)
    CL$$btod_ediv                            0x08001a54   Section       42  btod.o(CL$$btod_ediv)
    CL$$btod_edivd                           0x08001a7e   Section       42  btod.o(CL$$btod_edivd)
    CL$$btod_emul                            0x08001aa8   Section       42  btod.o(CL$$btod_emul)
    CL$$btod_emuld                           0x08001ad2   Section       42  btod.o(CL$$btod_emuld)
    CL$$btod_mult_common                     0x08001afc   Section      580  btod.o(CL$$btod_mult_common)
    i.BKP_ReadBackupRegister                 0x08001d40   Section        0  stm32f10x_bkp.o(i.BKP_ReadBackupRegister)
    i.BKP_WriteBackupRegister                0x08001d5c   Section        0  stm32f10x_bkp.o(i.BKP_WriteBackupRegister)
    i.BusFault_Handler                       0x08001d78   Section        0  stm32f10x_it.o(i.BusFault_Handler)
    i.ConvertUnixTime                        0x08001d7c   Section        0  esp8266.o(i.ConvertUnixTime)
    i.DebugMon_Handler                       0x08001e64   Section        0  stm32f10x_it.o(i.DebugMon_Handler)
    i.Delay_ms                               0x08001e66   Section        0  delay.o(i.Delay_ms)
    i.Delay_us                               0x08001e7e   Section        0  delay.o(i.Delay_us)
    i.Display_Init                           0x08001eac   Section        0  main.o(i.Display_Init)
    i.ESP8266_Init                           0x08001ee4   Section        0  esp8266.o(i.ESP8266_Init)
    i.EspSendCmdAndCheckRecvData             0x08001fc4   Section        0  esp8266.o(i.EspSendCmdAndCheckRecvData)
    i.GPIO_Init                              0x08002020   Section        0  stm32f10x_gpio.o(i.GPIO_Init)
    i.GPIO_SetBits                           0x08002136   Section        0  stm32f10x_gpio.o(i.GPIO_SetBits)
    i.GPIO_WriteBit                          0x0800213a   Section        0  stm32f10x_gpio.o(i.GPIO_WriteBit)
    i.GetTime_RecvData                       0x08002144   Section        0  esp8266.o(i.GetTime_RecvData)
    i.HardFault_Handler                      0x080021fc   Section        0  stm32f10x_it.o(i.HardFault_Handler)
    i.IsLeapYear                             0x08002200   Section        0  rtc.o(i.IsLeapYear)
    i.MemManage_Handler                      0x0800223a   Section        0  stm32f10x_it.o(i.MemManage_Handler)
    i.NMI_Handler                            0x0800223e   Section        0  stm32f10x_it.o(i.NMI_Handler)
    i.NVIC_Init                              0x08002240   Section        0  misc.o(i.NVIC_Init)
    i.NVIC_PriorityGroupConfig               0x080022b0   Section        0  misc.o(i.NVIC_PriorityGroupConfig)
    i.OLED_Clear                             0x080022c4   Section        0  oled.o(i.OLED_Clear)
    i.OLED_ClearArea                         0x080022ec   Section        0  oled.o(i.OLED_ClearArea)
    i.OLED_GPIO_Init                         0x0800237c   Section        0  oled.o(i.OLED_GPIO_Init)
    i.OLED_I2C_SendByte                      0x080023dc   Section        0  oled.o(i.OLED_I2C_SendByte)
    i.OLED_I2C_Start                         0x0800241a   Section        0  oled.o(i.OLED_I2C_Start)
    i.OLED_I2C_Stop                          0x08002436   Section        0  oled.o(i.OLED_I2C_Stop)
    i.OLED_Init                              0x0800244c   Section        0  oled.o(i.OLED_Init)
    i.OLED_SetCursor                         0x080024e6   Section        0  oled.o(i.OLED_SetCursor)
    i.OLED_ShowChar                          0x08002508   Section        0  oled.o(i.OLED_ShowChar)
    i.OLED_ShowImage                         0x0800255c   Section        0  oled.o(i.OLED_ShowImage)
    i.OLED_ShowString                        0x08002658   Section        0  oled.o(i.OLED_ShowString)
    i.OLED_Update                            0x0800281c   Section        0  oled.o(i.OLED_Update)
    i.OLED_UpdateArea                        0x08002844   Section        0  oled.o(i.OLED_UpdateArea)
    i.OLED_W_SCL                             0x080028c0   Section        0  oled.o(i.OLED_W_SCL)
    i.OLED_W_SDA                             0x080028d8   Section        0  oled.o(i.OLED_W_SDA)
    i.OLED_WriteCommand                      0x080028f0   Section        0  oled.o(i.OLED_WriteCommand)
    i.OLED_WriteData                         0x08002910   Section        0  oled.o(i.OLED_WriteData)
    i.PWR_BackupAccessCmd                    0x08002940   Section        0  stm32f10x_pwr.o(i.PWR_BackupAccessCmd)
    i.PendSV_Handler                         0x0800294c   Section        0  stm32f10x_it.o(i.PendSV_Handler)
    i.RCC_APB1PeriphClockCmd                 0x08002950   Section        0  stm32f10x_rcc.o(i.RCC_APB1PeriphClockCmd)
    i.RCC_APB2PeriphClockCmd                 0x08002970   Section        0  stm32f10x_rcc.o(i.RCC_APB2PeriphClockCmd)
    i.RCC_GetClocksFreq                      0x08002990   Section        0  stm32f10x_rcc.o(i.RCC_GetClocksFreq)
    i.RCC_GetFlagStatus                      0x08002a64   Section        0  stm32f10x_rcc.o(i.RCC_GetFlagStatus)
    i.RCC_LSEConfig                          0x08002aa0   Section        0  stm32f10x_rcc.o(i.RCC_LSEConfig)
    i.RCC_RTCCLKCmd                          0x08002ad4   Section        0  stm32f10x_rcc.o(i.RCC_RTCCLKCmd)
    i.RCC_RTCCLKConfig                       0x08002ae0   Section        0  stm32f10x_rcc.o(i.RCC_RTCCLKConfig)
    i.RTC_EnterConfigMode                    0x08002af0   Section        0  stm32f10x_rtc.o(i.RTC_EnterConfigMode)
    i.RTC_ExitConfigMode                     0x08002b04   Section        0  stm32f10x_rtc.o(i.RTC_ExitConfigMode)
    i.RTC_Init                               0x08002b18   Section        0  rtc.o(i.RTC_Init)
    i.RTC_SetCounter                         0x08002b80   Section        0  stm32f10x_rtc.o(i.RTC_SetCounter)
    i.RTC_SetPrescaler                       0x08002b9c   Section        0  stm32f10x_rtc.o(i.RTC_SetPrescaler)
    i.RTC_WaitForLastTask                    0x08002bbc   Section        0  stm32f10x_rtc.o(i.RTC_WaitForLastTask)
    i.SVC_Handler                            0x08002bd0   Section        0  stm32f10x_it.o(i.SVC_Handler)
    i.SetSysClock                            0x08002bd2   Section        0  system_stm32f10x.o(i.SetSysClock)
    SetSysClock                              0x08002bd3   Thumb Code     8  system_stm32f10x.o(i.SetSysClock)
    i.SetSysClockTo72                        0x08002bdc   Section        0  system_stm32f10x.o(i.SetSysClockTo72)
    SetSysClockTo72                          0x08002bdd   Thumb Code   214  system_stm32f10x.o(i.SetSysClockTo72)
    i.SysTick_Handler                        0x08002cbc   Section        0  stm32f10x_it.o(i.SysTick_Handler)
    i.SystemInit                             0x08002cc0   Section        0  system_stm32f10x.o(i.SystemInit)
    i.USART1_IRQHandler                      0x08002d20   Section        0  usart1.o(i.USART1_IRQHandler)
    i.USART2_IRQHandler                      0x08002d58   Section        0  esp8266.o(i.USART2_IRQHandler)
    i.USART_ClearITPendingBit                0x08002dcc   Section        0  stm32f10x_usart.o(i.USART_ClearITPendingBit)
    i.USART_Cmd                              0x08002dea   Section        0  stm32f10x_usart.o(i.USART_Cmd)
    i.USART_GetFlagStatus                    0x08002e02   Section        0  stm32f10x_usart.o(i.USART_GetFlagStatus)
    i.USART_GetITStatus                      0x08002e1c   Section        0  stm32f10x_usart.o(i.USART_GetITStatus)
    i.USART_ITConfig                         0x08002e70   Section        0  stm32f10x_usart.o(i.USART_ITConfig)
    i.USART_Init                             0x08002ebc   Section        0  stm32f10x_usart.o(i.USART_Init)
    i.USART_ReceiveData                      0x08002f94   Section        0  stm32f10x_usart.o(i.USART_ReceiveData)
    i.USART_SendData                         0x08002f9e   Section        0  stm32f10x_usart.o(i.USART_SendData)
    i.UsageFault_Handler                     0x08002fa6   Section        0  stm32f10x_it.o(i.UsageFault_Handler)
    i.Usart2_SendByte                        0x08002fac   Section        0  esp8266.o(i.Usart2_SendByte)
    i.Usart2_SendString                      0x08002fcc   Section        0  esp8266.o(i.Usart2_SendString)
    i.WIFI_ConnectTaoBao                     0x08002fe8   Section        0  esp8266.o(i.WIFI_ConnectTaoBao)
    i.__mathlib_dbl_overflow                 0x080031a0   Section        0  dunder.o(i.__mathlib_dbl_overflow)
    i.__mathlib_dbl_underflow                0x080031b0   Section        0  dunder.o(i.__mathlib_dbl_underflow)
    i.__mathlib_narrow                       0x080031c0   Section        0  narrow.o(i.__mathlib_narrow)
    i.__mathlib_tofloat                      0x080031d0   Section        0  narrow.o(i.__mathlib_tofloat)
    i.__support_ldexp                        0x0800328c   Section        0  ldexp.o(i.__support_ldexp)
    i._is_digit                              0x080032a2   Section        0  __printf_wp.o(i._is_digit)
    i.buffer_skip_whitespace                 0x080032b0   Section        0  cjson.o(i.buffer_skip_whitespace)
    buffer_skip_whitespace                   0x080032b1   Thumb Code    72  cjson.o(i.buffer_skip_whitespace)
    i.cJSON_Delete                           0x080032f8   Section        0  cjson.o(i.cJSON_Delete)
    i.cJSON_GetObjectItem                    0x08003358   Section        0  cjson.o(i.cJSON_GetObjectItem)
    i.cJSON_IsString                         0x0800336a   Section        0  cjson.o(i.cJSON_IsString)
    i.cJSON_New_Item                         0x08003380   Section        0  cjson.o(i.cJSON_New_Item)
    cJSON_New_Item                           0x08003381   Thumb Code    26  cjson.o(i.cJSON_New_Item)
    i.cJSON_Parse                            0x0800339a   Section        0  cjson.o(i.cJSON_Parse)
    i.cJSON_ParseWithLengthOpts              0x080033ac   Section        0  cjson.o(i.cJSON_ParseWithLengthOpts)
    i.cJSON_ParseWithOpts                    0x08003480   Section        0  cjson.o(i.cJSON_ParseWithOpts)
    i.case_insensitive_strcmp                0x080034a8   Section        0  cjson.o(i.case_insensitive_strcmp)
    case_insensitive_strcmp                  0x080034a9   Thumb Code    72  cjson.o(i.case_insensitive_strcmp)
    i.frexp                                  0x080034f0   Section        0  frexp.o(i.frexp)
    i.get_decimal_point                      0x08003548   Section        0  cjson.o(i.get_decimal_point)
    get_decimal_point                        0x08003549   Thumb Code     4  cjson.o(i.get_decimal_point)
    i.get_object_item                        0x0800354c   Section        0  cjson.o(i.get_object_item)
    get_object_item                          0x0800354d   Thumb Code    82  cjson.o(i.get_object_item)
    i.ldexp                                  0x0800359e   Section        0  ldexp.o(i.ldexp)
    i.main                                   0x08003614   Section        0  main.o(i.main)
    i.parse_array                            0x08003668   Section        0  cjson.o(i.parse_array)
    parse_array                              0x08003669   Thumb Code   248  cjson.o(i.parse_array)
    i.parse_hex4                             0x08003760   Section        0  cjson.o(i.parse_hex4)
    parse_hex4                               0x08003761   Thumb Code    90  cjson.o(i.parse_hex4)
    i.parse_number                           0x080037bc   Section        0  cjson.o(i.parse_number)
    parse_number                             0x080037bd   Thumb Code   298  cjson.o(i.parse_number)
    i.parse_object                           0x080038f4   Section        0  cjson.o(i.parse_object)
    parse_object                             0x080038f5   Thumb Code   332  cjson.o(i.parse_object)
    i.parse_string                           0x08003a40   Section        0  cjson.o(i.parse_string)
    parse_string                             0x08003a41   Thumb Code   398  cjson.o(i.parse_string)
    i.parse_value                            0x08003bd0   Section        0  cjson.o(i.parse_value)
    parse_value                              0x08003bd1   Thumb Code   290  cjson.o(i.parse_value)
    i.skip_utf8_bom                          0x08003d0c   Section        0  cjson.o(i.skip_utf8_bom)
    skip_utf8_bom                            0x08003d0d   Thumb Code    56  cjson.o(i.skip_utf8_bom)
    i.strtod                                 0x08003d48   Section        0  strtod.o(i.strtod)
    i.utf16_literal_to_utf8                  0x08003d64   Section        0  cjson.o(i.utf16_literal_to_utf8)
    utf16_literal_to_utf8                    0x08003d65   Thumb Code   300  cjson.o(i.utf16_literal_to_utf8)
    locale$$code                             0x08003e90   Section       44  lc_ctype_c.o(locale$$code)
    locale$$code                             0x08003ebc   Section       44  lc_numeric_c.o(locale$$code)
    x$fpl$d2f                                0x08003ee8   Section       98  d2f.o(x$fpl$d2f)
    x$fpl$dcheck1                            0x08003f4c   Section       16  dcheck1.o(x$fpl$dcheck1)
    x$fpl$dcmpinf                            0x08003f5c   Section       24  dcmpi.o(x$fpl$dcmpinf)
    x$fpl$deqf                               0x08003f74   Section      120  deqf.o(x$fpl$deqf)
    x$fpl$dfix                               0x08003fec   Section       94  dfix.o(x$fpl$dfix)
    x$fpl$dleqf                              0x0800404c   Section      120  dleqf.o(x$fpl$dleqf)
    x$fpl$dnaninf                            0x080040c4   Section      156  dnaninf.o(x$fpl$dnaninf)
    x$fpl$drleqf                             0x08004160   Section      108  drleqf.o(x$fpl$drleqf)
    x$fpl$fretinf                            0x080041cc   Section       10  fretinf.o(x$fpl$fretinf)
    x$fpl$ieeestatus                         0x080041d6   Section        6  istatus.o(x$fpl$ieeestatus)
    x$fpl$retnan                             0x080041dc   Section      100  retnan.o(x$fpl$retnan)
    x$fpl$scalbn                             0x08004240   Section       92  scalbn.o(x$fpl$scalbn)
    x$fpl$scanf1                             0x0800429c   Section        4  scanf1.o(x$fpl$scanf1)
    x$fpl$scanf2                             0x080042a0   Section        8  scanf2.o(x$fpl$scanf2)
    x$fpl$trapveneer                         0x080042a8   Section       48  trapv.o(x$fpl$trapveneer)
    .constdata                               0x080042d8   Section     2381  oled_data.o(.constdata)
    x$fpl$usenofp                            0x080042d8   Section        0  usenofp.o(x$fpl$usenofp)
    .constdata                               0x08004c28   Section      148  bigflt0.o(.constdata)
    tenpwrs_x                                0x08004c28   Data          60  bigflt0.o(.constdata)
    tenpwrs_i                                0x08004c64   Data          64  bigflt0.o(.constdata)
    c$$dinf                                  0x08004cdc   Section        8  fpconst.o(c$$dinf)
    c$$dmax                                  0x08004ce4   Section        8  fpconst.o(c$$dmax)
    locale$$data                             0x08004cec   Section      272  lc_ctype_c.o(locale$$data)
    __lcctype_c_name                         0x08004cf0   Data           2  lc_ctype_c.o(locale$$data)
    __lcctype_c_start                        0x08004cf8   Data           0  lc_ctype_c.o(locale$$data)
    locale$$data                             0x08004dfc   Section       28  lc_numeric_c.o(locale$$data)
    __lcctype_c_end                          0x08004dfc   Data           0  lc_ctype_c.o(locale$$data)
    __lcnum_c_name                           0x08004e00   Data           2  lc_numeric_c.o(locale$$data)
    __lcnum_c_start                          0x08004e08   Data           0  lc_numeric_c.o(locale$$data)
    __lcnum_c_point                          0x08004e14   Data           0  lc_numeric_c.o(locale$$data)
    __lcnum_c_thousands                      0x08004e16   Data           0  lc_numeric_c.o(locale$$data)
    __lcnum_c_grouping                       0x08004e17   Data           0  lc_numeric_c.o(locale$$data)
    __lcnum_c_end                            0x08004e18   Data           0  lc_numeric_c.o(locale$$data)
    .data                                    0x20000000   Section       20  stm32f10x_rcc.o(.data)
    APBAHBPrescTable                         0x20000000   Data          16  stm32f10x_rcc.o(.data)
    ADCPrescTable                            0x20000010   Data           4  stm32f10x_rcc.o(.data)
    .data                                    0x20000014   Section       20  cjson.o(.data)
    global_error                             0x20000014   Data           8  cjson.o(.data)
    global_hooks                             0x2000001c   Data          12  cjson.o(.data)
    .bss                                     0x20000028   Section     1024  oled.o(.bss)
    .bss                                     0x20000428   Section     2054  esp8266.o(.bss)
    .bss                                     0x20000c30   Section       96  libspace.o(.bss)
    HEAP                                     0x20000c90   Section      512  startup_stm32f10x_md.o(HEAP)
    Heap_Mem                                 0x20000c90   Data         512  startup_stm32f10x_md.o(HEAP)
    STACK                                    0x20000e90   Section     1024  startup_stm32f10x_md.o(STACK)
    Stack_Mem                                0x20000e90   Data        1024  startup_stm32f10x_md.o(STACK)
    __initial_sp                             0x20001290   Data           0  startup_stm32f10x_md.o(STACK)

    Global Symbols

    Symbol Name                              Value     Ov Type        Size  Object(Section)

    BuildAttributes$$THM_ISAv4$P$D$K$B$S$PE$A:L22UL41UL21$X:L11$S22US41US21$IEEE1$IW$USESV6$~STKCKD$USESV7$~SHL$OTIME$ROPI$IEEEX$EBA8$UX$STANDARDLIB$REQ8$PRES8$EABIv2 0x00000000   Number         0  anon$$obj.o ABSOLUTE
    __ARM_use_no_argv                        0x00000000   Number         0  main.o ABSOLUTE
    _printf_flags                            0x00000000   Number         0  printf_stubs.o ABSOLUTE
    _printf_return_value                     0x00000000   Number         0  printf_stubs.o ABSOLUTE
    _printf_sizespec                         0x00000000   Number         0  printf_stubs.o ABSOLUTE
    _printf_widthprec                        0x00000000   Number         0  printf_stubs.o ABSOLUTE
    __ARM_exceptions_init                     - Undefined Weak Reference
    __alloca_initialize                       - Undefined Weak Reference
    __arm_preinit_                            - Undefined Weak Reference
    __cpp_initialize__aeabi_                  - Undefined Weak Reference
    __cxa_finalize                            - Undefined Weak Reference
    __sigvec_lookup                           - Undefined Weak Reference
    __user_heap_extent                        - Undefined Weak Reference
    _atexit_init                              - Undefined Weak Reference
    _call_atexit_fns                          - Undefined Weak Reference
    _clock_init                               - Undefined Weak Reference
    _fp_trap_init                             - Undefined Weak Reference
    _fp_trap_shutdown                         - Undefined Weak Reference
    _get_lc_collate                           - Undefined Weak Reference
    _get_lc_monetary                          - Undefined Weak Reference
    _get_lc_time                              - Undefined Weak Reference
    _getenv_init                              - Undefined Weak Reference
    _handle_redirection                       - Undefined Weak Reference
    _initio                                   - Undefined Weak Reference
    _mutex_acquire                            - Undefined Weak Reference
    _mutex_free                               - Undefined Weak Reference
    _mutex_release                            - Undefined Weak Reference
    _printf_mbtowc                            - Undefined Weak Reference
    _printf_wc                                - Undefined Weak Reference
    _rand_init                                - Undefined Weak Reference
    _scanf_int                                - Undefined Weak Reference
    _scanf_longlong                           - Undefined Weak Reference
    _scanf_mbtowc                             - Undefined Weak Reference
    _scanf_string                             - Undefined Weak Reference
    _scanf_wctomb                             - Undefined Weak Reference
    _scanf_wstring                            - Undefined Weak Reference
    _signal_finish                            - Undefined Weak Reference
    _signal_init                              - Undefined Weak Reference
    _terminateio                              - Undefined Weak Reference
    __Vectors_Size                           0x000000ec   Number         0  startup_stm32f10x_md.o ABSOLUTE
    __Vectors                                0x08000000   Data           4  startup_stm32f10x_md.o(RESET)
    __Vectors_End                            0x080000ec   Data           0  startup_stm32f10x_md.o(RESET)
    __main                                   0x080000ed   Thumb Code     8  __main.o(!!!main)
    __scatterload                            0x080000f5   Thumb Code     0  __scatter.o(!!!scatter)
    __scatterload_rt2                        0x080000f5   Thumb Code    44  __scatter.o(!!!scatter)
    __scatterload_rt2_thumb_only             0x080000f5   Thumb Code     0  __scatter.o(!!!scatter)
    __scatterload_null                       0x08000103   Thumb Code     0  __scatter.o(!!!scatter)
    __scatterload_copy                       0x08000129   Thumb Code    26  __scatter_copy.o(!!handler_copy)
    __scatterload_zeroinit                   0x08000145   Thumb Code    28  __scatter_zi.o(!!handler_zi)
    __rt_lib_init                            0x08000161   Thumb Code     0  libinit.o(.ARM.Collect$$libinit$$00000000)
    __rt_lib_init_fp_1                       0x08000163   Thumb Code     0  libinit2.o(.ARM.Collect$$libinit$$00000002)
    __rt_lib_init_heap_2                     0x08000163   Thumb Code     0  libinit2.o(.ARM.Collect$$libinit$$00000005)
    __rt_lib_init_preinit_1                  0x08000163   Thumb Code     0  libinit2.o(.ARM.Collect$$libinit$$00000004)
    __rt_lib_init_heap_1                     0x0800016b   Thumb Code     0  libinit2.o(.ARM.Collect$$libinit$$0000000A)
    __rt_lib_init_lc_common                  0x0800016b   Thumb Code     0  libinit2.o(.ARM.Collect$$libinit$$0000000F)
    __rt_lib_init_rand_1                     0x0800016b   Thumb Code     0  libinit2.o(.ARM.Collect$$libinit$$0000000E)
    __rt_lib_init_user_alloc_1               0x0800016b   Thumb Code     0  libinit2.o(.ARM.Collect$$libinit$$0000000C)
    __rt_lib_init_lc_collate_1               0x08000171   Thumb Code     0  libinit2.o(.ARM.Collect$$libinit$$00000011)
    __rt_lib_init_lc_ctype_2                 0x08000171   Thumb Code     0  libinit2.o(.ARM.Collect$$libinit$$00000012)
    __rt_lib_init_lc_ctype_1                 0x0800017d   Thumb Code     0  libinit2.o(.ARM.Collect$$libinit$$00000013)
    __rt_lib_init_lc_monetary_1              0x0800017d   Thumb Code     0  libinit2.o(.ARM.Collect$$libinit$$00000015)
    __rt_lib_init_lc_numeric_2               0x0800017d   Thumb Code     0  libinit2.o(.ARM.Collect$$libinit$$00000016)
    __rt_lib_init_alloca_1                   0x08000187   Thumb Code     0  libinit2.o(.ARM.Collect$$libinit$$0000002E)
    __rt_lib_init_argv_1                     0x08000187   Thumb Code     0  libinit2.o(.ARM.Collect$$libinit$$0000002C)
    __rt_lib_init_atexit_1                   0x08000187   Thumb Code     0  libinit2.o(.ARM.Collect$$libinit$$0000001B)
    __rt_lib_init_clock_1                    0x08000187   Thumb Code     0  libinit2.o(.ARM.Collect$$libinit$$00000021)
    __rt_lib_init_cpp_1                      0x08000187   Thumb Code     0  libinit2.o(.ARM.Collect$$libinit$$00000032)
    __rt_lib_init_exceptions_1               0x08000187   Thumb Code     0  libinit2.o(.ARM.Collect$$libinit$$00000030)
    __rt_lib_init_fp_trap_1                  0x08000187   Thumb Code     0  libinit2.o(.ARM.Collect$$libinit$$0000001F)
    __rt_lib_init_getenv_1                   0x08000187   Thumb Code     0  libinit2.o(.ARM.Collect$$libinit$$00000023)
    __rt_lib_init_lc_numeric_1               0x08000187   Thumb Code     0  libinit2.o(.ARM.Collect$$libinit$$00000017)
    __rt_lib_init_lc_time_1                  0x08000187   Thumb Code     0  libinit2.o(.ARM.Collect$$libinit$$00000019)
    __rt_lib_init_return                     0x08000187   Thumb Code     0  libinit2.o(.ARM.Collect$$libinit$$00000033)
    __rt_lib_init_signal_1                   0x08000187   Thumb Code     0  libinit2.o(.ARM.Collect$$libinit$$0000001D)
    __rt_lib_init_stdio_1                    0x08000187   Thumb Code     0  libinit2.o(.ARM.Collect$$libinit$$00000025)
    __rt_lib_shutdown                        0x08000189   Thumb Code     0  libshutdown.o(.ARM.Collect$$libshutdown$$00000000)
    __rt_lib_shutdown_cpp_1                  0x0800018b   Thumb Code     0  libshutdown2.o(.ARM.Collect$$libshutdown$$00000002)
    __rt_lib_shutdown_fp_trap_1              0x0800018b   Thumb Code     0  libshutdown2.o(.ARM.Collect$$libshutdown$$00000007)
    __rt_lib_shutdown_heap_1                 0x0800018b   Thumb Code     0  libshutdown2.o(.ARM.Collect$$libshutdown$$0000000F)
    __rt_lib_shutdown_return                 0x0800018b   Thumb Code     0  libshutdown2.o(.ARM.Collect$$libshutdown$$00000010)
    __rt_lib_shutdown_signal_1               0x0800018b   Thumb Code     0  libshutdown2.o(.ARM.Collect$$libshutdown$$0000000A)
    __rt_lib_shutdown_stdio_1                0x0800018b   Thumb Code     0  libshutdown2.o(.ARM.Collect$$libshutdown$$00000004)
    __rt_lib_shutdown_user_alloc_1           0x0800018b   Thumb Code     0  libshutdown2.o(.ARM.Collect$$libshutdown$$0000000C)
    __rt_entry                               0x0800018d   Thumb Code     0  __rtentry.o(.ARM.Collect$$rtentry$$00000000)
    __rt_entry_presh_1                       0x0800018d   Thumb Code     0  __rtentry2.o(.ARM.Collect$$rtentry$$00000002)
    __rt_entry_sh                            0x0800018d   Thumb Code     0  __rtentry4.o(.ARM.Collect$$rtentry$$00000004)
    __rt_entry_li                            0x08000193   Thumb Code     0  __rtentry2.o(.ARM.Collect$$rtentry$$0000000A)
    __rt_entry_postsh_1                      0x08000193   Thumb Code     0  __rtentry2.o(.ARM.Collect$$rtentry$$00000009)
    __rt_entry_main                          0x08000197   Thumb Code     0  __rtentry2.o(.ARM.Collect$$rtentry$$0000000D)
    __rt_entry_postli_1                      0x08000197   Thumb Code     0  __rtentry2.o(.ARM.Collect$$rtentry$$0000000C)
    __rt_exit                                0x0800019f   Thumb Code     0  rtexit.o(.ARM.Collect$$rtexit$$00000000)
    __rt_exit_ls                             0x080001a1   Thumb Code     0  rtexit2.o(.ARM.Collect$$rtexit$$00000003)
    __rt_exit_prels_1                        0x080001a1   Thumb Code     0  rtexit2.o(.ARM.Collect$$rtexit$$00000002)
    __rt_exit_exit                           0x080001a5   Thumb Code     0  rtexit2.o(.ARM.Collect$$rtexit$$00000004)
    Reset_Handler                            0x080001ad   Thumb Code     8  startup_stm32f10x_md.o(.text)
    _maybe_terminate_alloc                   0x080001ad   Thumb Code     0  maybetermalloc1.o(.emb_text)
    ADC1_2_IRQHandler                        0x080001c7   Thumb Code     0  startup_stm32f10x_md.o(.text)
    CAN1_RX1_IRQHandler                      0x080001c7   Thumb Code     0  startup_stm32f10x_md.o(.text)
    CAN1_SCE_IRQHandler                      0x080001c7   Thumb Code     0  startup_stm32f10x_md.o(.text)
    DMA1_Channel1_IRQHandler                 0x080001c7   Thumb Code     0  startup_stm32f10x_md.o(.text)
    DMA1_Channel2_IRQHandler                 0x080001c7   Thumb Code     0  startup_stm32f10x_md.o(.text)
    DMA1_Channel3_IRQHandler                 0x080001c7   Thumb Code     0  startup_stm32f10x_md.o(.text)
    DMA1_Channel4_IRQHandler                 0x080001c7   Thumb Code     0  startup_stm32f10x_md.o(.text)
    DMA1_Channel5_IRQHandler                 0x080001c7   Thumb Code     0  startup_stm32f10x_md.o(.text)
    DMA1_Channel6_IRQHandler                 0x080001c7   Thumb Code     0  startup_stm32f10x_md.o(.text)
    DMA1_Channel7_IRQHandler                 0x080001c7   Thumb Code     0  startup_stm32f10x_md.o(.text)
    EXTI0_IRQHandler                         0x080001c7   Thumb Code     0  startup_stm32f10x_md.o(.text)
    EXTI15_10_IRQHandler                     0x080001c7   Thumb Code     0  startup_stm32f10x_md.o(.text)
    EXTI1_IRQHandler                         0x080001c7   Thumb Code     0  startup_stm32f10x_md.o(.text)
    EXTI2_IRQHandler                         0x080001c7   Thumb Code     0  startup_stm32f10x_md.o(.text)
    EXTI3_IRQHandler                         0x080001c7   Thumb Code     0  startup_stm32f10x_md.o(.text)
    EXTI4_IRQHandler                         0x080001c7   Thumb Code     0  startup_stm32f10x_md.o(.text)
    EXTI9_5_IRQHandler                       0x080001c7   Thumb Code     0  startup_stm32f10x_md.o(.text)
    FLASH_IRQHandler                         0x080001c7   Thumb Code     0  startup_stm32f10x_md.o(.text)
    I2C1_ER_IRQHandler                       0x080001c7   Thumb Code     0  startup_stm32f10x_md.o(.text)
    I2C1_EV_IRQHandler                       0x080001c7   Thumb Code     0  startup_stm32f10x_md.o(.text)
    I2C2_ER_IRQHandler                       0x080001c7   Thumb Code     0  startup_stm32f10x_md.o(.text)
    I2C2_EV_IRQHandler                       0x080001c7   Thumb Code     0  startup_stm32f10x_md.o(.text)
    PVD_IRQHandler                           0x080001c7   Thumb Code     0  startup_stm32f10x_md.o(.text)
    RCC_IRQHandler                           0x080001c7   Thumb Code     0  startup_stm32f10x_md.o(.text)
    RTCAlarm_IRQHandler                      0x080001c7   Thumb Code     0  startup_stm32f10x_md.o(.text)
    RTC_IRQHandler                           0x080001c7   Thumb Code     0  startup_stm32f10x_md.o(.text)
    SPI1_IRQHandler                          0x080001c7   Thumb Code     0  startup_stm32f10x_md.o(.text)
    SPI2_IRQHandler                          0x080001c7   Thumb Code     0  startup_stm32f10x_md.o(.text)
    TAMPER_IRQHandler                        0x080001c7   Thumb Code     0  startup_stm32f10x_md.o(.text)
    TIM1_BRK_IRQHandler                      0x080001c7   Thumb Code     0  startup_stm32f10x_md.o(.text)
    TIM1_CC_IRQHandler                       0x080001c7   Thumb Code     0  startup_stm32f10x_md.o(.text)
    TIM1_TRG_COM_IRQHandler                  0x080001c7   Thumb Code     0  startup_stm32f10x_md.o(.text)
    TIM1_UP_IRQHandler                       0x080001c7   Thumb Code     0  startup_stm32f10x_md.o(.text)
    TIM2_IRQHandler                          0x080001c7   Thumb Code     0  startup_stm32f10x_md.o(.text)
    TIM3_IRQHandler                          0x080001c7   Thumb Code     0  startup_stm32f10x_md.o(.text)
    TIM4_IRQHandler                          0x080001c7   Thumb Code     0  startup_stm32f10x_md.o(.text)
    USART3_IRQHandler                        0x080001c7   Thumb Code     0  startup_stm32f10x_md.o(.text)
    USBWakeUp_IRQHandler                     0x080001c7   Thumb Code     0  startup_stm32f10x_md.o(.text)
    USB_HP_CAN1_TX_IRQHandler                0x080001c7   Thumb Code     0  startup_stm32f10x_md.o(.text)
    USB_LP_CAN1_RX0_IRQHandler               0x080001c7   Thumb Code     0  startup_stm32f10x_md.o(.text)
    WWDG_IRQHandler                          0x080001c7   Thumb Code     0  startup_stm32f10x_md.o(.text)
    __user_initial_stackheap                 0x080001c9   Thumb Code     0  startup_stm32f10x_md.o(.text)
    malloc                                   0x080001ed   Thumb Code    94  h1_alloc.o(.text)
    free                                     0x0800024b   Thumb Code    78  h1_free.o(.text)
    realloc                                  0x08000299   Thumb Code   184  h1_realloc.o(.text)
    __aeabi_uldivmod                         0x08000351   Thumb Code     0  lludivv7m.o(.text)
    _ll_udiv                                 0x08000351   Thumb Code   238  lludivv7m.o(.text)
    tolower                                  0x0800043f   Thumb Code    26  tolower.o(.text)
    strtoull                                 0x08000459   Thumb Code     4  strtoull.o(.text)
    strchr                                   0x0800045d   Thumb Code    20  strchr.o(.text)
    strstr                                   0x08000471   Thumb Code    36  strstr.o(.text)
    strlen                                   0x08000495   Thumb Code    62  strlen.o(.text)
    strncmp                                  0x080004d3   Thumb Code   150  strncmp.o(.text)
    __aeabi_memcpy4                          0x08000569   Thumb Code     0  rt_memcpy_w.o(.text)
    __aeabi_memcpy8                          0x08000569   Thumb Code     0  rt_memcpy_w.o(.text)
    __rt_memcpy_w                            0x08000569   Thumb Code   100  rt_memcpy_w.o(.text)
    _memcpy_lastbytes_aligned                0x080005b1   Thumb Code     0  rt_memcpy_w.o(.text)
    __aeabi_memclr                           0x080005cd   Thumb Code     0  rt_memclr.o(.text)
    __rt_memclr                              0x080005cd   Thumb Code    68  rt_memclr.o(.text)
    _memset                                  0x080005d1   Thumb Code     0  rt_memclr.o(.text)
    __aeabi_memclr4                          0x08000611   Thumb Code     0  rt_memclr_w.o(.text)
    __aeabi_memclr8                          0x08000611   Thumb Code     0  rt_memclr_w.o(.text)
    __rt_memclr_w                            0x08000611   Thumb Code    78  rt_memclr_w.o(.text)
    _memset_w                                0x08000615   Thumb Code     0  rt_memclr_w.o(.text)
    strcmp                                   0x08000661   Thumb Code   128  strcmpv7m.o(.text)
    __use_two_region_memory                  0x080006e1   Thumb Code     2  heapauxi.o(.text)
    __rt_heap_escrow                         0x080006e3   Thumb Code     2  heapauxi.o(.text)
    __rt_heap_expand                         0x080006e5   Thumb Code     2  heapauxi.o(.text)
    __rt_ctype_table                         0x080006e9   Thumb Code    16  rt_ctype_table.o(.text)
    __rt_heap_descriptor                     0x080006f9   Thumb Code     8  rt_heap_descriptor_intlibspace.o(.text)
    __use_no_heap                            0x08000701   Thumb Code     2  hguard.o(.text)
    __heap$guard                             0x08000703   Thumb Code     2  hguard.o(.text)
    _terminate_user_alloc                    0x08000705   Thumb Code     2  init_alloc.o(.text)
    _init_user_alloc                         0x08000707   Thumb Code     2  init_alloc.o(.text)
    __Heap_Full                              0x08000709   Thumb Code    34  init_alloc.o(.text)
    __Heap_Broken                            0x0800072b   Thumb Code     6  init_alloc.o(.text)
    _init_alloc                              0x08000731   Thumb Code    94  init_alloc.o(.text)
    __Heap_Initialize                        0x0800078f   Thumb Code    10  h1_init.o(.text)
    __Heap_DescSize                          0x08000799   Thumb Code     4  h1_init.o(.text)
    __read_errno                             0x0800079d   Thumb Code    10  _rserrno.o(.text)
    __set_errno                              0x080007a7   Thumb Code    12  _rserrno.o(.text)
    _scanf_really_real                       0x08000a01   Thumb Code   684  scanf_fp.o(.text)
    _sgetc                                   0x08000cad   Thumb Code    30  _sgetc.o(.text)
    _sbackspace                              0x08000ccb   Thumb Code    34  _sgetc.o(.text)
    __strtod_int                             0x08000d29   Thumb Code    90  strtod.o(.text)
    __strtoull                               0x08000d91   Thumb Code   124  __strtoull.o(.text)
    __user_libspace                          0x08000e0d   Thumb Code     8  libspace.o(.text)
    __user_perproc_libspace                  0x08000e0d   Thumb Code     0  libspace.o(.text)
    __user_perthread_libspace                0x08000e0d   Thumb Code     0  libspace.o(.text)
    __rt_locale                              0x08000e15   Thumb Code     8  rt_locale_intlibspace.o(.text)
    __aeabi_errno_addr                       0x08000e1d   Thumb Code     8  rt_errno_addr_intlibspace.o(.text)
    __errno$intlibspace                      0x08000e1d   Thumb Code     0  rt_errno_addr_intlibspace.o(.text)
    __rt_errno_addr$intlibspace              0x08000e1d   Thumb Code     0  rt_errno_addr_intlibspace.o(.text)
    __Heap_ProvideMemory                     0x08000e25   Thumb Code    52  h1_extend.o(.text)
    isspace                                  0x08000e59   Thumb Code    18  isspace.o(.text)
    _strtoull                                0x08000e6b   Thumb Code   194  _strtoull.o(.text)
    _btod_etento                             0x08000f2d   Thumb Code   224  bigflt0.o(.text)
    __rt_SIGRTMEM                            0x08001011   Thumb Code    14  defsig_rtmem_outer.o(.text)
    __I$use$semihosting                      0x0800101f   Thumb Code     0  use_no_semi.o(.text)
    __use_no_semihosting_swi                 0x0800101f   Thumb Code     2  use_no_semi.o(.text)
    __semihosting_library_function           0x08001021   Thumb Code     0  indicate_semi.o(.text)
    __user_setup_stackheap                   0x08001021   Thumb Code    74  sys_stackheap_outer.o(.text)
    _chval                                   0x0800106b   Thumb Code    28  _chval.o(.text)
    _scanf_really_hex_real                   0x08001089   Thumb Code   786  scanf_hexfp.o(.text)
    _scanf_really_infnan                     0x080013a9   Thumb Code   292  scanf_infnan.o(.text)
    exit                                     0x080014dd   Thumb Code    18  exit.o(.text)
    __sig_exit                               0x080014ef   Thumb Code    10  defsig_exit.o(.text)
    __rt_SIGRTMEM_inner                      0x080014f9   Thumb Code    22  defsig_rtmem_inner.o(.text)
    _sys_exit                                0x08001549   Thumb Code     8  sys_exit.o(.text)
    __aeabi_llsl                             0x08001555   Thumb Code     0  llshl.o(.text)
    _ll_shift_l                              0x08001555   Thumb Code    38  llshl.o(.text)
    __default_signal_display                 0x0800157b   Thumb Code    50  defsig_general.o(.text)
    _ttywrch                                 0x080015ad   Thumb Code    14  sys_wrch.o(.text)
    __btod_div_common                        0x080015bb   Thumb Code   696  btod.o(CL$$btod_div_common)
    _e2d                                     0x080018f5   Thumb Code   122  btod.o(CL$$btod_e2d)
    _e2e                                     0x08001979   Thumb Code   220  btod.o(CL$$btod_e2e)
    _btod_ediv                               0x08001a55   Thumb Code    42  btod.o(CL$$btod_ediv)
    _btod_edivd                              0x08001a7f   Thumb Code    42  btod.o(CL$$btod_edivd)
    _btod_emul                               0x08001aa9   Thumb Code    42  btod.o(CL$$btod_emul)
    _btod_emuld                              0x08001ad3   Thumb Code    42  btod.o(CL$$btod_emuld)
    __btod_mult_common                       0x08001afd   Thumb Code   580  btod.o(CL$$btod_mult_common)
    BKP_ReadBackupRegister                   0x08001d41   Thumb Code    24  stm32f10x_bkp.o(i.BKP_ReadBackupRegister)
    BKP_WriteBackupRegister                  0x08001d5d   Thumb Code    22  stm32f10x_bkp.o(i.BKP_WriteBackupRegister)
    BusFault_Handler                         0x08001d79   Thumb Code     4  stm32f10x_it.o(i.BusFault_Handler)
    ConvertUnixTime                          0x08001d7d   Thumb Code   218  esp8266.o(i.ConvertUnixTime)
    DebugMon_Handler                         0x08001e65   Thumb Code     2  stm32f10x_it.o(i.DebugMon_Handler)
    Delay_ms                                 0x08001e67   Thumb Code    24  delay.o(i.Delay_ms)
    Delay_us                                 0x08001e7f   Thumb Code    46  delay.o(i.Delay_us)
    Display_Init                             0x08001ead   Thumb Code    40  main.o(i.Display_Init)
    ESP8266_Init                             0x08001ee5   Thumb Code   216  esp8266.o(i.ESP8266_Init)
    EspSendCmdAndCheckRecvData               0x08001fc5   Thumb Code    88  esp8266.o(i.EspSendCmdAndCheckRecvData)
    GPIO_Init                                0x08002021   Thumb Code   278  stm32f10x_gpio.o(i.GPIO_Init)
    GPIO_SetBits                             0x08002137   Thumb Code     4  stm32f10x_gpio.o(i.GPIO_SetBits)
    GPIO_WriteBit                            0x0800213b   Thumb Code    10  stm32f10x_gpio.o(i.GPIO_WriteBit)
    GetTime_RecvData                         0x08002145   Thumb Code   168  esp8266.o(i.GetTime_RecvData)
    HardFault_Handler                        0x080021fd   Thumb Code     4  stm32f10x_it.o(i.HardFault_Handler)
    IsLeapYear                               0x08002201   Thumb Code    58  rtc.o(i.IsLeapYear)
    MemManage_Handler                        0x0800223b   Thumb Code     4  stm32f10x_it.o(i.MemManage_Handler)
    NMI_Handler                              0x0800223f   Thumb Code     2  stm32f10x_it.o(i.NMI_Handler)
    NVIC_Init                                0x08002241   Thumb Code   100  misc.o(i.NVIC_Init)
    NVIC_PriorityGroupConfig                 0x080022b1   Thumb Code    10  misc.o(i.NVIC_PriorityGroupConfig)
    OLED_Clear                               0x080022c5   Thumb Code    36  oled.o(i.OLED_Clear)
    OLED_ClearArea                           0x080022ed   Thumb Code   140  oled.o(i.OLED_ClearArea)
    OLED_GPIO_Init                           0x0800237d   Thumb Code    92  oled.o(i.OLED_GPIO_Init)
    OLED_I2C_SendByte                        0x080023dd   Thumb Code    62  oled.o(i.OLED_I2C_SendByte)
    OLED_I2C_Start                           0x0800241b   Thumb Code    28  oled.o(i.OLED_I2C_Start)
    OLED_I2C_Stop                            0x08002437   Thumb Code    22  oled.o(i.OLED_I2C_Stop)
    OLED_Init                                0x0800244d   Thumb Code   154  oled.o(i.OLED_Init)
    OLED_SetCursor                           0x080024e7   Thumb Code    34  oled.o(i.OLED_SetCursor)
    OLED_ShowChar                            0x08002509   Thumb Code    74  oled.o(i.OLED_ShowChar)
    OLED_ShowImage                           0x0800255d   Thumb Code   248  oled.o(i.OLED_ShowImage)
    OLED_ShowString                          0x08002659   Thumb Code   442  oled.o(i.OLED_ShowString)
    OLED_Update                              0x0800281d   Thumb Code    36  oled.o(i.OLED_Update)
    OLED_UpdateArea                          0x08002845   Thumb Code   120  oled.o(i.OLED_UpdateArea)
    OLED_W_SCL                               0x080028c1   Thumb Code    18  oled.o(i.OLED_W_SCL)
    OLED_W_SDA                               0x080028d9   Thumb Code    18  oled.o(i.OLED_W_SDA)
    OLED_WriteCommand                        0x080028f1   Thumb Code    32  oled.o(i.OLED_WriteCommand)
    OLED_WriteData                           0x08002911   Thumb Code    46  oled.o(i.OLED_WriteData)
    PWR_BackupAccessCmd                      0x08002941   Thumb Code     6  stm32f10x_pwr.o(i.PWR_BackupAccessCmd)
    PendSV_Handler                           0x0800294d   Thumb Code     2  stm32f10x_it.o(i.PendSV_Handler)
    RCC_APB1PeriphClockCmd                   0x08002951   Thumb Code    26  stm32f10x_rcc.o(i.RCC_APB1PeriphClockCmd)
    RCC_APB2PeriphClockCmd                   0x08002971   Thumb Code    26  stm32f10x_rcc.o(i.RCC_APB2PeriphClockCmd)
    RCC_GetClocksFreq                        0x08002991   Thumb Code   192  stm32f10x_rcc.o(i.RCC_GetClocksFreq)
    RCC_GetFlagStatus                        0x08002a65   Thumb Code    56  stm32f10x_rcc.o(i.RCC_GetFlagStatus)
    RCC_LSEConfig                            0x08002aa1   Thumb Code    46  stm32f10x_rcc.o(i.RCC_LSEConfig)
    RCC_RTCCLKCmd                            0x08002ad5   Thumb Code     6  stm32f10x_rcc.o(i.RCC_RTCCLKCmd)
    RCC_RTCCLKConfig                         0x08002ae1   Thumb Code    12  stm32f10x_rcc.o(i.RCC_RTCCLKConfig)
    RTC_EnterConfigMode                      0x08002af1   Thumb Code    14  stm32f10x_rtc.o(i.RTC_EnterConfigMode)
    RTC_ExitConfigMode                       0x08002b05   Thumb Code    16  stm32f10x_rtc.o(i.RTC_ExitConfigMode)
    RTC_Init                                 0x08002b19   Thumb Code    98  rtc.o(i.RTC_Init)
    RTC_SetCounter                           0x08002b81   Thumb Code    24  stm32f10x_rtc.o(i.RTC_SetCounter)
    RTC_SetPrescaler                         0x08002b9d   Thumb Code    26  stm32f10x_rtc.o(i.RTC_SetPrescaler)
    RTC_WaitForLastTask                      0x08002bbd   Thumb Code    16  stm32f10x_rtc.o(i.RTC_WaitForLastTask)
    SVC_Handler                              0x08002bd1   Thumb Code     2  stm32f10x_it.o(i.SVC_Handler)
    SysTick_Handler                          0x08002cbd   Thumb Code     2  stm32f10x_it.o(i.SysTick_Handler)
    SystemInit                               0x08002cc1   Thumb Code    78  system_stm32f10x.o(i.SystemInit)
    USART1_IRQHandler                        0x08002d21   Thumb Code    46  usart1.o(i.USART1_IRQHandler)
    USART2_IRQHandler                        0x08002d59   Thumb Code   104  esp8266.o(i.USART2_IRQHandler)
    USART_ClearITPendingBit                  0x08002dcd   Thumb Code    30  stm32f10x_usart.o(i.USART_ClearITPendingBit)
    USART_Cmd                                0x08002deb   Thumb Code    24  stm32f10x_usart.o(i.USART_Cmd)
    USART_GetFlagStatus                      0x08002e03   Thumb Code    26  stm32f10x_usart.o(i.USART_GetFlagStatus)
    USART_GetITStatus                        0x08002e1d   Thumb Code    84  stm32f10x_usart.o(i.USART_GetITStatus)
    USART_ITConfig                           0x08002e71   Thumb Code    74  stm32f10x_usart.o(i.USART_ITConfig)
    USART_Init                               0x08002ebd   Thumb Code   210  stm32f10x_usart.o(i.USART_Init)
    USART_ReceiveData                        0x08002f95   Thumb Code    10  stm32f10x_usart.o(i.USART_ReceiveData)
    USART_SendData                           0x08002f9f   Thumb Code     8  stm32f10x_usart.o(i.USART_SendData)
    UsageFault_Handler                       0x08002fa7   Thumb Code     4  stm32f10x_it.o(i.UsageFault_Handler)
    Usart2_SendByte                          0x08002fad   Thumb Code    28  esp8266.o(i.Usart2_SendByte)
    Usart2_SendString                        0x08002fcd   Thumb Code    26  esp8266.o(i.Usart2_SendString)
    WIFI_ConnectTaoBao                       0x08002fe9   Thumb Code   162  esp8266.o(i.WIFI_ConnectTaoBao)
    __mathlib_dbl_overflow                   0x080031a1   Thumb Code    14  dunder.o(i.__mathlib_dbl_overflow)
    __mathlib_dbl_underflow                  0x080031b1   Thumb Code    10  dunder.o(i.__mathlib_dbl_underflow)
    __mathlib_narrow                         0x080031c1   Thumb Code    16  narrow.o(i.__mathlib_narrow)
    __mathlib_tofloat                        0x080031d1   Thumb Code   184  narrow.o(i.__mathlib_tofloat)
    __support_ldexp                          0x0800328d   Thumb Code    22  ldexp.o(i.__support_ldexp)
    _is_digit                                0x080032a3   Thumb Code    14  __printf_wp.o(i._is_digit)
    cJSON_Delete                             0x080032f9   Thumb Code    92  cjson.o(i.cJSON_Delete)
    cJSON_GetObjectItem                      0x08003359   Thumb Code    18  cjson.o(i.cJSON_GetObjectItem)
    cJSON_IsString                           0x0800336b   Thumb Code    22  cjson.o(i.cJSON_IsString)
    cJSON_Parse                              0x0800339b   Thumb Code    16  cjson.o(i.cJSON_Parse)
    cJSON_ParseWithLengthOpts                0x080033ad   Thumb Code   204  cjson.o(i.cJSON_ParseWithLengthOpts)
    cJSON_ParseWithOpts                      0x08003481   Thumb Code    40  cjson.o(i.cJSON_ParseWithOpts)
    frexp                                    0x080034f1   Thumb Code    80  frexp.o(i.frexp)
    ldexp                                    0x0800359f   Thumb Code   116  ldexp.o(i.ldexp)
    main                                     0x08003615   Thumb Code    68  main.o(i.main)
    strtod                                   0x08003d49   Thumb Code    28  strtod.o(i.strtod)
    _get_lc_ctype                            0x08003e91   Thumb Code    44  lc_ctype_c.o(locale$$code)
    _get_lc_numeric                          0x08003ebd   Thumb Code    44  lc_numeric_c.o(locale$$code)
    __aeabi_d2f                              0x08003ee9   Thumb Code     0  d2f.o(x$fpl$d2f)
    _d2f                                     0x08003ee9   Thumb Code    98  d2f.o(x$fpl$d2f)
    __fpl_dcheck_NaN1                        0x08003f4d   Thumb Code    10  dcheck1.o(x$fpl$dcheck1)
    __fpl_dcmp_Inf                           0x08003f5d   Thumb Code    24  dcmpi.o(x$fpl$dcmpinf)
    __aeabi_cdcmpeq                          0x08003f75   Thumb Code     0  deqf.o(x$fpl$deqf)
    _dcmpeq                                  0x08003f75   Thumb Code   120  deqf.o(x$fpl$deqf)
    __aeabi_d2iz                             0x08003fed   Thumb Code     0  dfix.o(x$fpl$dfix)
    _dfix                                    0x08003fed   Thumb Code    94  dfix.o(x$fpl$dfix)
    __aeabi_cdcmple                          0x0800404d   Thumb Code     0  dleqf.o(x$fpl$dleqf)
    _dcmple                                  0x0800404d   Thumb Code   120  dleqf.o(x$fpl$dleqf)
    __fpl_dcmple_InfNaN                      0x080040af   Thumb Code     0  dleqf.o(x$fpl$dleqf)
    __fpl_dnaninf                            0x080040c5   Thumb Code   156  dnaninf.o(x$fpl$dnaninf)
    __aeabi_cdrcmple                         0x08004161   Thumb Code     0  drleqf.o(x$fpl$drleqf)
    _drcmple                                 0x08004161   Thumb Code   108  drleqf.o(x$fpl$drleqf)
    __fpl_fretinf                            0x080041cd   Thumb Code    10  fretinf.o(x$fpl$fretinf)
    __ieee_status                            0x080041d7   Thumb Code     6  istatus.o(x$fpl$ieeestatus)
    __fpl_return_NaN                         0x080041dd   Thumb Code   100  retnan.o(x$fpl$retnan)
    __ARM_scalbn                             0x08004241   Thumb Code    92  scalbn.o(x$fpl$scalbn)
    _scanf_real                              0x0800429d   Thumb Code     4  scanf1.o(x$fpl$scanf1)
    _scanf_hex_real                          0x080042a1   Thumb Code     4  scanf2.o(x$fpl$scanf2)
    _scanf_infnan                            0x080042a5   Thumb Code     4  scanf2.o(x$fpl$scanf2)
    __fpl_cmpreturn                          0x080042a9   Thumb Code    48  trapv.o(x$fpl$trapveneer)
    OLED_F8x16                               0x080042d8   Data        1520  oled_data.o(.constdata)
    __I$use$fp                               0x080042d8   Number         0  usenofp.o(x$fpl$usenofp)
    OLED_F6x8                                0x080048c8   Data         570  oled_data.o(.constdata)
    OLED_CF16x16                             0x08004b02   Data         259  oled_data.o(.constdata)
    Diode                                    0x08004c05   Data          32  oled_data.o(.constdata)
    Region$$Table$$Base                      0x08004cbc   Number         0  anon$$obj.o(Region$$Table)
    Region$$Table$$Limit                     0x08004cdc   Number         0  anon$$obj.o(Region$$Table)
    __aeabi_HUGE_VAL                         0x08004cdc   Data           0  fpconst.o(c$$dinf)
    __aeabi_HUGE_VALL                        0x08004cdc   Data           0  fpconst.o(c$$dinf)
    __aeabi_INFINITY                         0x08004cdc   Data           0  fpconst.o(c$$dinf)
    __dInf                                   0x08004cdc   Data           0  fpconst.o(c$$dinf)
    __huge_val                               0x08004cdc   Data           0  fpconst.o(c$$dinf)
    __dbl_max                                0x08004ce4   Data           0  fpconst.o(c$$dmax)
    __ctype                                  0x08004cf9   Data           0  lc_ctype_c.o(locale$$data)
    OLED_DisplayBuf                          0x20000028   Data        1024  oled.o(.bss)
    wifi                                     0x20000428   Data        2054  esp8266.o(.bss)
    __libspace_start                         0x20000c30   Data          96  libspace.o(.bss)
    __temporary_stack_top$libspace           0x20000c90   Data           0  libspace.o(.bss)



==============================================================================

Memory Map of the image

  Image Entry point : 0x080000ed

  Load Region LR_IROM1 (Base: 0x08000000, Size: 0x00004e40, Max: 0x00010000, ABSOLUTE)

    Execution Region ER_IROM1 (Exec base: 0x08000000, Load base: 0x08000000, Size: 0x00004e18, Max: 0x00010000, ABSOLUTE)

    Exec Addr    Load Addr    Size         Type   Attr      Idx    E Section Name        Object

    0x08000000   0x08000000   0x000000ec   Data   RO            3    RESET               startup_stm32f10x_md.o
    0x080000ec   0x080000ec   0x00000008   Code   RO         4590  * !!!main             c_w.l(__main.o)
    0x080000f4   0x080000f4   0x00000034   Code   RO         5089    !!!scatter          c_w.l(__scatter.o)
    0x08000128   0x08000128   0x0000001a   Code   RO         5091    !!handler_copy      c_w.l(__scatter_copy.o)
    0x08000142   0x08000142   0x00000002   PAD
    0x08000144   0x08000144   0x0000001c   Code   RO         5093    !!handler_zi        c_w.l(__scatter_zi.o)
    0x08000160   0x08000160   0x00000002   Code   RO         5004    .ARM.Collect$$libinit$$00000000  c_w.l(libinit.o)
    0x08000162   0x08000162   0x00000000   Code   RO         4753    .ARM.Collect$$libinit$$00000002  c_w.l(libinit2.o)
    0x08000162   0x08000162   0x00000000   Code   RO         4755    .ARM.Collect$$libinit$$00000004  c_w.l(libinit2.o)
    0x08000162   0x08000162   0x00000008   Code   RO         4756    .ARM.Collect$$libinit$$00000005  c_w.l(libinit2.o)
    0x0800016a   0x0800016a   0x00000000   Code   RO         4758    .ARM.Collect$$libinit$$0000000A  c_w.l(libinit2.o)
    0x0800016a   0x0800016a   0x00000000   Code   RO         4760    .ARM.Collect$$libinit$$0000000C  c_w.l(libinit2.o)
    0x0800016a   0x0800016a   0x00000000   Code   RO         4762    .ARM.Collect$$libinit$$0000000E  c_w.l(libinit2.o)
    0x0800016a   0x0800016a   0x00000006   Code   RO         4763    .ARM.Collect$$libinit$$0000000F  c_w.l(libinit2.o)
    0x08000170   0x08000170   0x00000000   Code   RO         4765    .ARM.Collect$$libinit$$00000011  c_w.l(libinit2.o)
    0x08000170   0x08000170   0x0000000c   Code   RO         4766    .ARM.Collect$$libinit$$00000012  c_w.l(libinit2.o)
    0x0800017c   0x0800017c   0x00000000   Code   RO         4767    .ARM.Collect$$libinit$$00000013  c_w.l(libinit2.o)
    0x0800017c   0x0800017c   0x00000000   Code   RO         4769    .ARM.Collect$$libinit$$00000015  c_w.l(libinit2.o)
    0x0800017c   0x0800017c   0x0000000a   Code   RO         4770    .ARM.Collect$$libinit$$00000016  c_w.l(libinit2.o)
    0x08000186   0x08000186   0x00000000   Code   RO         4771    .ARM.Collect$$libinit$$00000017  c_w.l(libinit2.o)
    0x08000186   0x08000186   0x00000000   Code   RO         4773    .ARM.Collect$$libinit$$00000019  c_w.l(libinit2.o)
    0x08000186   0x08000186   0x00000000   Code   RO         4775    .ARM.Collect$$libinit$$0000001B  c_w.l(libinit2.o)
    0x08000186   0x08000186   0x00000000   Code   RO         4777    .ARM.Collect$$libinit$$0000001D  c_w.l(libinit2.o)
    0x08000186   0x08000186   0x00000000   Code   RO         4779    .ARM.Collect$$libinit$$0000001F  c_w.l(libinit2.o)
    0x08000186   0x08000186   0x00000000   Code   RO         4781    .ARM.Collect$$libinit$$00000021  c_w.l(libinit2.o)
    0x08000186   0x08000186   0x00000000   Code   RO         4783    .ARM.Collect$$libinit$$00000023  c_w.l(libinit2.o)
    0x08000186   0x08000186   0x00000000   Code   RO         4785    .ARM.Collect$$libinit$$00000025  c_w.l(libinit2.o)
    0x08000186   0x08000186   0x00000000   Code   RO         4789    .ARM.Collect$$libinit$$0000002C  c_w.l(libinit2.o)
    0x08000186   0x08000186   0x00000000   Code   RO         4791    .ARM.Collect$$libinit$$0000002E  c_w.l(libinit2.o)
    0x08000186   0x08000186   0x00000000   Code   RO         4793    .ARM.Collect$$libinit$$00000030  c_w.l(libinit2.o)
    0x08000186   0x08000186   0x00000000   Code   RO         4795    .ARM.Collect$$libinit$$00000032  c_w.l(libinit2.o)
    0x08000186   0x08000186   0x00000002   Code   RO         4796    .ARM.Collect$$libinit$$00000033  c_w.l(libinit2.o)
    0x08000188   0x08000188   0x00000002   Code   RO         5086    .ARM.Collect$$libshutdown$$00000000  c_w.l(libshutdown.o)
    0x0800018a   0x0800018a   0x00000000   Code   RO         5028    .ARM.Collect$$libshutdown$$00000002  c_w.l(libshutdown2.o)
    0x0800018a   0x0800018a   0x00000000   Code   RO         5030    .ARM.Collect$$libshutdown$$00000004  c_w.l(libshutdown2.o)
    0x0800018a   0x0800018a   0x00000000   Code   RO         5033    .ARM.Collect$$libshutdown$$00000007  c_w.l(libshutdown2.o)
    0x0800018a   0x0800018a   0x00000000   Code   RO         5036    .ARM.Collect$$libshutdown$$0000000A  c_w.l(libshutdown2.o)
    0x0800018a   0x0800018a   0x00000000   Code   RO         5038    .ARM.Collect$$libshutdown$$0000000C  c_w.l(libshutdown2.o)
    0x0800018a   0x0800018a   0x00000000   Code   RO         5041    .ARM.Collect$$libshutdown$$0000000F  c_w.l(libshutdown2.o)
    0x0800018a   0x0800018a   0x00000002   Code   RO         5042    .ARM.Collect$$libshutdown$$00000010  c_w.l(libshutdown2.o)
    0x0800018c   0x0800018c   0x00000000   Code   RO         4662    .ARM.Collect$$rtentry$$00000000  c_w.l(__rtentry.o)
    0x0800018c   0x0800018c   0x00000000   Code   RO         4849    .ARM.Collect$$rtentry$$00000002  c_w.l(__rtentry2.o)
    0x0800018c   0x0800018c   0x00000006   Code   RO         4861    .ARM.Collect$$rtentry$$00000004  c_w.l(__rtentry4.o)
    0x08000192   0x08000192   0x00000000   Code   RO         4851    .ARM.Collect$$rtentry$$00000009  c_w.l(__rtentry2.o)
    0x08000192   0x08000192   0x00000004   Code   RO         4852    .ARM.Collect$$rtentry$$0000000A  c_w.l(__rtentry2.o)
    0x08000196   0x08000196   0x00000000   Code   RO         4854    .ARM.Collect$$rtentry$$0000000C  c_w.l(__rtentry2.o)
    0x08000196   0x08000196   0x00000008   Code   RO         4855    .ARM.Collect$$rtentry$$0000000D  c_w.l(__rtentry2.o)
    0x0800019e   0x0800019e   0x00000002   Code   RO         5013    .ARM.Collect$$rtexit$$00000000  c_w.l(rtexit.o)
    0x080001a0   0x080001a0   0x00000000   Code   RO         5060    .ARM.Collect$$rtexit$$00000002  c_w.l(rtexit2.o)
    0x080001a0   0x080001a0   0x00000004   Code   RO         5061    .ARM.Collect$$rtexit$$00000003  c_w.l(rtexit2.o)
    0x080001a4   0x080001a4   0x00000006   Code   RO         5062    .ARM.Collect$$rtexit$$00000004  c_w.l(rtexit2.o)
    0x080001aa   0x080001aa   0x00000002   PAD
    0x080001ac   0x080001ac   0x00000000   Code   RO         4877    .emb_text           c_w.l(maybetermalloc1.o)
    0x080001ac   0x080001ac   0x00000040   Code   RO            4    .text               startup_stm32f10x_md.o
    0x080001ec   0x080001ec   0x0000005e   Code   RO         4438    .text               c_w.l(h1_alloc.o)
    0x0800024a   0x0800024a   0x0000004e   Code   RO         4440    .text               c_w.l(h1_free.o)
    0x08000298   0x08000298   0x000000b8   Code   RO         4442    .text               c_w.l(h1_realloc.o)
    0x08000350   0x08000350   0x000000ee   Code   RO         4500    .text               c_w.l(lludivv7m.o)
    0x0800043e   0x0800043e   0x0000001a   Code   RO         4502    .text               c_w.l(tolower.o)
    0x08000458   0x08000458   0x00000004   Code   RO         4564    .text               c_w.l(strtoull.o)
    0x0800045c   0x0800045c   0x00000014   Code   RO         4566    .text               c_w.l(strchr.o)
    0x08000470   0x08000470   0x00000024   Code   RO         4568    .text               c_w.l(strstr.o)
    0x08000494   0x08000494   0x0000003e   Code   RO         4574    .text               c_w.l(strlen.o)
    0x080004d2   0x080004d2   0x00000096   Code   RO         4576    .text               c_w.l(strncmp.o)
    0x08000568   0x08000568   0x00000064   Code   RO         4580    .text               c_w.l(rt_memcpy_w.o)
    0x080005cc   0x080005cc   0x00000044   Code   RO         4582    .text               c_w.l(rt_memclr.o)
    0x08000610   0x08000610   0x0000004e   Code   RO         4584    .text               c_w.l(rt_memclr_w.o)
    0x0800065e   0x0800065e   0x00000002   PAD
    0x08000660   0x08000660   0x00000080   Code   RO         4586    .text               c_w.l(strcmpv7m.o)
    0x080006e0   0x080006e0   0x00000006   Code   RO         4588    .text               c_w.l(heapauxi.o)
    0x080006e6   0x080006e6   0x00000002   PAD
    0x080006e8   0x080006e8   0x00000010   Code   RO         4663    .text               c_w.l(rt_ctype_table.o)
    0x080006f8   0x080006f8   0x00000008   Code   RO         4672    .text               c_w.l(rt_heap_descriptor_intlibspace.o)
    0x08000700   0x08000700   0x00000004   Code   RO         4674    .text               c_w.l(hguard.o)
    0x08000704   0x08000704   0x0000008a   Code   RO         4676    .text               c_w.l(init_alloc.o)
    0x0800078e   0x0800078e   0x0000000e   Code   RO         4680    .text               c_w.l(h1_init.o)
    0x0800079c   0x0800079c   0x00000016   Code   RO         4694    .text               c_w.l(_rserrno.o)
    0x080007b2   0x080007b2   0x00000002   PAD
    0x080007b4   0x080007b4   0x000004f8   Code   RO         4740    .text               c_w.l(scanf_fp.o)
    0x08000cac   0x08000cac   0x00000040   Code   RO         4744    .text               c_w.l(_sgetc.o)
    0x08000cec   0x08000cec   0x000000a4   Code   RO         4746    .text               c_w.l(strtod.o)
    0x08000d90   0x08000d90   0x0000007c   Code   RO         4748    .text               c_w.l(__strtoull.o)
    0x08000e0c   0x08000e0c   0x00000008   Code   RO         4845    .text               c_w.l(libspace.o)
    0x08000e14   0x08000e14   0x00000008   Code   RO         4868    .text               c_w.l(rt_locale_intlibspace.o)
    0x08000e1c   0x08000e1c   0x00000008   Code   RO         4873    .text               c_w.l(rt_errno_addr_intlibspace.o)
    0x08000e24   0x08000e24   0x00000034   Code   RO         4879    .text               c_w.l(h1_extend.o)
    0x08000e58   0x08000e58   0x00000012   Code   RO         4885    .text               c_w.l(isspace.o)
    0x08000e6a   0x08000e6a   0x000000c2   Code   RO         4900    .text               c_w.l(_strtoull.o)
    0x08000f2c   0x08000f2c   0x000000e4   Code   RO         4902    .text               c_w.l(bigflt0.o)
    0x08001010   0x08001010   0x0000000e   Code   RO         4935    .text               c_w.l(defsig_rtmem_outer.o)
    0x0800101e   0x0800101e   0x00000002   Code   RO         4970    .text               c_w.l(use_no_semi.o)
    0x08001020   0x08001020   0x00000000   Code   RO         4972    .text               c_w.l(indicate_semi.o)
    0x08001020   0x08001020   0x0000004a   Code   RO         4973    .text               c_w.l(sys_stackheap_outer.o)
    0x0800106a   0x0800106a   0x0000001c   Code   RO         4979    .text               c_w.l(_chval.o)
    0x08001086   0x08001086   0x00000002   PAD
    0x08001088   0x08001088   0x00000320   Code   RO         4981    .text               c_w.l(scanf_hexfp.o)
    0x080013a8   0x080013a8   0x00000134   Code   RO         4983    .text               c_w.l(scanf_infnan.o)
    0x080014dc   0x080014dc   0x00000012   Code   RO         4985    .text               c_w.l(exit.o)
    0x080014ee   0x080014ee   0x0000000a   Code   RO         4987    .text               c_w.l(defsig_exit.o)
    0x080014f8   0x080014f8   0x00000050   Code   RO         4993    .text               c_w.l(defsig_rtmem_inner.o)
    0x08001548   0x08001548   0x0000000c   Code   RO         5011    .text               c_w.l(sys_exit.o)
    0x08001554   0x08001554   0x00000026   Code   RO         5019    .text               c_w.l(llshl.o)
    0x0800157a   0x0800157a   0x00000032   Code   RO         5023    .text               c_w.l(defsig_general.o)
    0x080015ac   0x080015ac   0x0000000e   Code   RO         5057    .text               c_w.l(sys_wrch.o)
    0x080015ba   0x080015ba   0x00000338   Code   RO         4915    CL$$btod_div_common  c_w.l(btod.o)
    0x080018f2   0x080018f2   0x00000002   PAD
    0x080018f4   0x080018f4   0x00000084   Code   RO         4913    CL$$btod_e2d        c_w.l(btod.o)
    0x08001978   0x08001978   0x000000dc   Code   RO         4912    CL$$btod_e2e        c_w.l(btod.o)
    0x08001a54   0x08001a54   0x0000002a   Code   RO         4909    CL$$btod_ediv       c_w.l(btod.o)
    0x08001a7e   0x08001a7e   0x0000002a   Code   RO         4911    CL$$btod_edivd      c_w.l(btod.o)
    0x08001aa8   0x08001aa8   0x0000002a   Code   RO         4908    CL$$btod_emul       c_w.l(btod.o)
    0x08001ad2   0x08001ad2   0x0000002a   Code   RO         4910    CL$$btod_emuld      c_w.l(btod.o)
    0x08001afc   0x08001afc   0x00000244   Code   RO         4914    CL$$btod_mult_common  c_w.l(btod.o)
    0x08001d40   0x08001d40   0x0000001c   Code   RO          431    i.BKP_ReadBackupRegister  stm32f10x_bkp.o
    0x08001d5c   0x08001d5c   0x0000001c   Code   RO          435    i.BKP_WriteBackupRegister  stm32f10x_bkp.o
    0x08001d78   0x08001d78   0x00000004   Code   RO         4367    i.BusFault_Handler  stm32f10x_it.o
    0x08001d7c   0x08001d7c   0x000000e8   Code   RO         3479    i.ConvertUnixTime   esp8266.o
    0x08001e64   0x08001e64   0x00000002   Code   RO         4368    i.DebugMon_Handler  stm32f10x_it.o
    0x08001e66   0x08001e66   0x00000018   Code   RO         3196    i.Delay_ms          delay.o
    0x08001e7e   0x08001e7e   0x0000002e   Code   RO         3198    i.Delay_us          delay.o
    0x08001eac   0x08001eac   0x00000038   Code   RO         4308    i.Display_Init      main.o
    0x08001ee4   0x08001ee4   0x000000e0   Code   RO         3480    i.ESP8266_Init      esp8266.o
    0x08001fc4   0x08001fc4   0x0000005c   Code   RO         3482    i.EspSendCmdAndCheckRecvData  esp8266.o
    0x08002020   0x08002020   0x00000116   Code   RO         1347    i.GPIO_Init         stm32f10x_gpio.o
    0x08002136   0x08002136   0x00000004   Code   RO         1355    i.GPIO_SetBits      stm32f10x_gpio.o
    0x0800213a   0x0800213a   0x0000000a   Code   RO         1358    i.GPIO_WriteBit     stm32f10x_gpio.o
    0x08002144   0x08002144   0x000000b8   Code   RO         3483    i.GetTime_RecvData  esp8266.o
    0x080021fc   0x080021fc   0x00000004   Code   RO         4369    i.HardFault_Handler  stm32f10x_it.o
    0x08002200   0x08002200   0x0000003a   Code   RO         3609    i.IsLeapYear        rtc.o
    0x0800223a   0x0800223a   0x00000004   Code   RO         4370    i.MemManage_Handler  stm32f10x_it.o
    0x0800223e   0x0800223e   0x00000002   Code   RO         4371    i.NMI_Handler       stm32f10x_it.o
    0x08002240   0x08002240   0x00000070   Code   RO          137    i.NVIC_Init         misc.o
    0x080022b0   0x080022b0   0x00000014   Code   RO          138    i.NVIC_PriorityGroupConfig  misc.o
    0x080022c4   0x080022c4   0x00000028   Code   RO         3220    i.OLED_Clear        oled.o
    0x080022ec   0x080022ec   0x00000090   Code   RO         3221    i.OLED_ClearArea    oled.o
    0x0800237c   0x0800237c   0x00000060   Code   RO         3229    i.OLED_GPIO_Init    oled.o
    0x080023dc   0x080023dc   0x0000003e   Code   RO         3231    i.OLED_I2C_SendByte  oled.o
    0x0800241a   0x0800241a   0x0000001c   Code   RO         3232    i.OLED_I2C_Start    oled.o
    0x08002436   0x08002436   0x00000016   Code   RO         3233    i.OLED_I2C_Stop     oled.o
    0x0800244c   0x0800244c   0x0000009a   Code   RO         3234    i.OLED_Init         oled.o
    0x080024e6   0x080024e6   0x00000022   Code   RO         3240    i.OLED_SetCursor    oled.o
    0x08002508   0x08002508   0x00000054   Code   RO         3242    i.OLED_ShowChar     oled.o
    0x0800255c   0x0800255c   0x000000fc   Code   RO         3245    i.OLED_ShowImage    oled.o
    0x08002658   0x08002658   0x000001c4   Code   RO         3248    i.OLED_ShowString   oled.o
    0x0800281c   0x0800281c   0x00000028   Code   RO         3249    i.OLED_Update       oled.o
    0x08002844   0x08002844   0x0000007c   Code   RO         3250    i.OLED_UpdateArea   oled.o
    0x080028c0   0x080028c0   0x00000018   Code   RO         3251    i.OLED_W_SCL        oled.o
    0x080028d8   0x080028d8   0x00000018   Code   RO         3252    i.OLED_W_SDA        oled.o
    0x080028f0   0x080028f0   0x00000020   Code   RO         3253    i.OLED_WriteCommand  oled.o
    0x08002910   0x08002910   0x0000002e   Code   RO         3254    i.OLED_WriteData    oled.o
    0x0800293e   0x0800293e   0x00000002   PAD
    0x08002940   0x08002940   0x0000000c   Code   RO         1710    i.PWR_BackupAccessCmd  stm32f10x_pwr.o
    0x0800294c   0x0800294c   0x00000002   Code   RO         4372    i.PendSV_Handler    stm32f10x_it.o
    0x0800294e   0x0800294e   0x00000002   PAD
    0x08002950   0x08002950   0x00000020   Code   RO         1775    i.RCC_APB1PeriphClockCmd  stm32f10x_rcc.o
    0x08002970   0x08002970   0x00000020   Code   RO         1777    i.RCC_APB2PeriphClockCmd  stm32f10x_rcc.o
    0x08002990   0x08002990   0x000000d4   Code   RO         1785    i.RCC_GetClocksFreq  stm32f10x_rcc.o
    0x08002a64   0x08002a64   0x0000003c   Code   RO         1786    i.RCC_GetFlagStatus  stm32f10x_rcc.o
    0x08002aa0   0x08002aa0   0x00000034   Code   RO         1793    i.RCC_LSEConfig     stm32f10x_rcc.o
    0x08002ad4   0x08002ad4   0x0000000c   Code   RO         1800    i.RCC_RTCCLKCmd     stm32f10x_rcc.o
    0x08002ae0   0x08002ae0   0x00000010   Code   RO         1801    i.RCC_RTCCLKConfig  stm32f10x_rcc.o
    0x08002af0   0x08002af0   0x00000014   Code   RO         1978    i.RTC_EnterConfigMode  stm32f10x_rtc.o
    0x08002b04   0x08002b04   0x00000014   Code   RO         1979    i.RTC_ExitConfigMode  stm32f10x_rtc.o
    0x08002b18   0x08002b18   0x00000068   Code   RO         3611    i.RTC_Init          rtc.o
    0x08002b80   0x08002b80   0x0000001c   Code   RO         1986    i.RTC_SetCounter    stm32f10x_rtc.o
    0x08002b9c   0x08002b9c   0x00000020   Code   RO         1987    i.RTC_SetPrescaler  stm32f10x_rtc.o
    0x08002bbc   0x08002bbc   0x00000014   Code   RO         1988    i.RTC_WaitForLastTask  stm32f10x_rtc.o
    0x08002bd0   0x08002bd0   0x00000002   Code   RO         4373    i.SVC_Handler       stm32f10x_it.o
    0x08002bd2   0x08002bd2   0x00000008   Code   RO           24    i.SetSysClock       system_stm32f10x.o
    0x08002bda   0x08002bda   0x00000002   PAD
    0x08002bdc   0x08002bdc   0x000000e0   Code   RO           25    i.SetSysClockTo72   system_stm32f10x.o
    0x08002cbc   0x08002cbc   0x00000002   Code   RO         4374    i.SysTick_Handler   stm32f10x_it.o
    0x08002cbe   0x08002cbe   0x00000002   PAD
    0x08002cc0   0x08002cc0   0x00000060   Code   RO           27    i.SystemInit        system_stm32f10x.o
    0x08002d20   0x08002d20   0x00000038   Code   RO         3565    i.USART1_IRQHandler  usart1.o
    0x08002d58   0x08002d58   0x00000074   Code   RO         3484    i.USART2_IRQHandler  esp8266.o
    0x08002dcc   0x08002dcc   0x0000001e   Code   RO         2957    i.USART_ClearITPendingBit  stm32f10x_usart.o
    0x08002dea   0x08002dea   0x00000018   Code   RO         2960    i.USART_Cmd         stm32f10x_usart.o
    0x08002e02   0x08002e02   0x0000001a   Code   RO         2963    i.USART_GetFlagStatus  stm32f10x_usart.o
    0x08002e1c   0x08002e1c   0x00000054   Code   RO         2964    i.USART_GetITStatus  stm32f10x_usart.o
    0x08002e70   0x08002e70   0x0000004a   Code   RO         2966    i.USART_ITConfig    stm32f10x_usart.o
    0x08002eba   0x08002eba   0x00000002   PAD
    0x08002ebc   0x08002ebc   0x000000d8   Code   RO         2967    i.USART_Init        stm32f10x_usart.o
    0x08002f94   0x08002f94   0x0000000a   Code   RO         2974    i.USART_ReceiveData  stm32f10x_usart.o
    0x08002f9e   0x08002f9e   0x00000008   Code   RO         2977    i.USART_SendData    stm32f10x_usart.o
    0x08002fa6   0x08002fa6   0x00000004   Code   RO         4375    i.UsageFault_Handler  stm32f10x_it.o
    0x08002faa   0x08002faa   0x00000002   PAD
    0x08002fac   0x08002fac   0x00000020   Code   RO         3485    i.Usart2_SendByte   esp8266.o
    0x08002fcc   0x08002fcc   0x0000001a   Code   RO         3486    i.Usart2_SendString  esp8266.o
    0x08002fe6   0x08002fe6   0x00000002   PAD
    0x08002fe8   0x08002fe8   0x000001b8   Code   RO         3487    i.WIFI_ConnectTaoBao  esp8266.o
    0x080031a0   0x080031a0   0x0000000e   Code   RO         4832    i.__mathlib_dbl_overflow  m_ws.l(dunder.o)
    0x080031ae   0x080031ae   0x00000002   PAD
    0x080031b0   0x080031b0   0x00000010   Code   RO         4834    i.__mathlib_dbl_underflow  m_ws.l(dunder.o)
    0x080031c0   0x080031c0   0x00000010   Code   RO         4962    i.__mathlib_narrow  m_ws.l(narrow.o)
    0x080031d0   0x080031d0   0x000000bc   Code   RO         4963    i.__mathlib_tofloat  m_ws.l(narrow.o)
    0x0800328c   0x0800328c   0x00000016   Code   RO         5046    i.__support_ldexp   m_ws.l(ldexp.o)
    0x080032a2   0x080032a2   0x0000000e   Code   RO         4547    i._is_digit         c_w.l(__printf_wp.o)
    0x080032b0   0x080032b0   0x00000048   Code   RO         3640    i.buffer_skip_whitespace  cjson.o
    0x080032f8   0x080032f8   0x00000060   Code   RO         3672    i.cJSON_Delete      cjson.o
    0x08003358   0x08003358   0x00000012   Code   RO         3686    i.cJSON_GetObjectItem  cjson.o
    0x0800336a   0x0800336a   0x00000016   Code   RO         3700    i.cJSON_IsString    cjson.o
    0x08003380   0x08003380   0x0000001a   Code   RO         3703    i.cJSON_New_Item    cjson.o
    0x0800339a   0x0800339a   0x00000010   Code   RO         3704    i.cJSON_Parse       cjson.o
    0x080033aa   0x080033aa   0x00000002   PAD
    0x080033ac   0x080033ac   0x000000d4   Code   RO         3706    i.cJSON_ParseWithLengthOpts  cjson.o
    0x08003480   0x08003480   0x00000028   Code   RO         3707    i.cJSON_ParseWithOpts  cjson.o
    0x080034a8   0x080034a8   0x00000048   Code   RO         3722    i.case_insensitive_strcmp  cjson.o
    0x080034f0   0x080034f0   0x00000058   Code   RO         5008    i.frexp             m_ws.l(frexp.o)
    0x08003548   0x08003548   0x00000004   Code   RO         3728    i.get_decimal_point  cjson.o
    0x0800354c   0x0800354c   0x00000052   Code   RO         3729    i.get_object_item   cjson.o
    0x0800359e   0x0800359e   0x00000074   Code   RO         5047    i.ldexp             m_ws.l(ldexp.o)
    0x08003612   0x08003612   0x00000002   PAD
    0x08003614   0x08003614   0x00000054   Code   RO         4310    i.main              main.o
    0x08003668   0x08003668   0x000000f8   Code   RO         3731    i.parse_array       cjson.o
    0x08003760   0x08003760   0x0000005a   Code   RO         3732    i.parse_hex4        cjson.o
    0x080037ba   0x080037ba   0x00000002   PAD
    0x080037bc   0x080037bc   0x00000138   Code   RO         3733    i.parse_number      cjson.o
    0x080038f4   0x080038f4   0x0000014c   Code   RO         3734    i.parse_object      cjson.o
    0x08003a40   0x08003a40   0x0000018e   Code   RO         3735    i.parse_string      cjson.o
    0x08003bce   0x08003bce   0x00000002   PAD
    0x08003bd0   0x08003bd0   0x0000013c   Code   RO         3736    i.parse_value       cjson.o
    0x08003d0c   0x08003d0c   0x0000003c   Code   RO         3747    i.skip_utf8_bom     cjson.o
    0x08003d48   0x08003d48   0x0000001c   Code   RO         4657    i.strtod            m_ws.l(strtod.o)
    0x08003d64   0x08003d64   0x0000012c   Code   RO         3750    i.utf16_literal_to_utf8  cjson.o
    0x08003e90   0x08003e90   0x0000002c   Code   RO         4930    locale$$code        c_w.l(lc_ctype_c.o)
    0x08003ebc   0x08003ebc   0x0000002c   Code   RO         4933    locale$$code        c_w.l(lc_numeric_c.o)
    0x08003ee8   0x08003ee8   0x00000062   Code   RO         4592    x$fpl$d2f           fz_ws.l(d2f.o)
    0x08003f4a   0x08003f4a   0x00000002   PAD
    0x08003f4c   0x08003f4c   0x00000010   Code   RO         5005    x$fpl$dcheck1       fz_ws.l(dcheck1.o)
    0x08003f5c   0x08003f5c   0x00000018   Code   RO         4797    x$fpl$dcmpinf       fz_ws.l(dcmpi.o)
    0x08003f74   0x08003f74   0x00000078   Code   RO         4604    x$fpl$deqf          fz_ws.l(deqf.o)
    0x08003fec   0x08003fec   0x0000005e   Code   RO         4606    x$fpl$dfix          fz_ws.l(dfix.o)
    0x0800404a   0x0800404a   0x00000002   PAD
    0x0800404c   0x0800404c   0x00000078   Code   RO         4620    x$fpl$dleqf         fz_ws.l(dleqf.o)
    0x080040c4   0x080040c4   0x0000009c   Code   RO         4799    x$fpl$dnaninf       fz_ws.l(dnaninf.o)
    0x08004160   0x08004160   0x0000006c   Code   RO         4624    x$fpl$drleqf        fz_ws.l(drleqf.o)
    0x080041cc   0x080041cc   0x0000000a   Code   RO         4809    x$fpl$fretinf       fz_ws.l(fretinf.o)
    0x080041d6   0x080041d6   0x00000006   Code   RO         4950    x$fpl$ieeestatus    fz_ws.l(istatus.o)
    0x080041dc   0x080041dc   0x00000064   Code   RO         5043    x$fpl$retnan        fz_ws.l(retnan.o)
    0x08004240   0x08004240   0x0000005c   Code   RO         4952    x$fpl$scalbn        fz_ws.l(scalbn.o)
    0x0800429c   0x0800429c   0x00000004   Code   RO         4644    x$fpl$scanf1        fz_ws.l(scanf1.o)
    0x080042a0   0x080042a0   0x00000008   Code   RO         4954    x$fpl$scanf2        fz_ws.l(scanf2.o)
    0x080042a8   0x080042a8   0x00000030   Code   RO         5068    x$fpl$trapveneer    fz_ws.l(trapv.o)
    0x080042d8   0x080042d8   0x00000000   Code   RO         4817    x$fpl$usenofp       fz_ws.l(usenofp.o)
    0x080042d8   0x080042d8   0x0000094d   Data   RO         3466    .constdata          oled_data.o
    0x08004c25   0x08004c25   0x00000003   PAD
    0x08004c28   0x08004c28   0x00000094   Data   RO         4903    .constdata          c_w.l(bigflt0.o)
    0x08004cbc   0x08004cbc   0x00000020   Data   RO         5087    Region$$Table       anon$$obj.o
    0x08004cdc   0x08004cdc   0x00000008   Data   RO         4944    c$$dinf             fz_ws.l(fpconst.o)
    0x08004ce4   0x08004ce4   0x00000008   Data   RO         4947    c$$dmax             fz_ws.l(fpconst.o)
    0x08004cec   0x08004cec   0x00000110   Data   RO         4929    locale$$data        c_w.l(lc_ctype_c.o)
    0x08004dfc   0x08004dfc   0x0000001c   Data   RO         4932    locale$$data        c_w.l(lc_numeric_c.o)


    Execution Region RW_IRAM1 (Exec base: 0x20000000, Load base: 0x08004e18, Size: 0x00001290, Max: 0x00005000, ABSOLUTE)

    Exec Addr    Load Addr    Size         Type   Attr      Idx    E Section Name        Object

    0x20000000   0x08004e18   0x00000014   Data   RW         1805    .data               stm32f10x_rcc.o
    0x20000014   0x08004e2c   0x00000014   Data   RW         3752    .data               cjson.o
    0x20000028        -       0x00000400   Zero   RW         3256    .bss                oled.o
    0x20000428        -       0x00000806   Zero   RW         3488    .bss                esp8266.o
    0x20000c2e   0x08004e40   0x00000002   PAD
    0x20000c30        -       0x00000060   Zero   RW         4846    .bss                c_w.l(libspace.o)
    0x20000c90        -       0x00000200   Zero   RW            2    HEAP                startup_stm32f10x_md.o
    0x20000e90        -       0x00000400   Zero   RW            1    STACK               startup_stm32f10x_md.o


==============================================================================

Image component sizes


      Code (inc. data)   RO Data    RW Data    ZI Data      Debug   Object Name

      2716         66          0         20          0      16778   cjson.o
         0          0          0          0          0       4508   core_cm3.o
        70          0          0          0          0       1010   delay.o
      1346        336          0          0       2054       8487   esp8266.o
       140         32          0          0          0        970   main.o
       132         22          0          0          0     204955   misc.o
      1658         56          0          0       1024      11865   oled.o
         0          0       2381          0          0       1206   oled_data.o
       162          6          0          0          0       1132   rtc.o
        64         26        236          0       1536        852   startup_stm32f10x_md.o
         0          0          0          0          0       1700   stm32f10x_adc.o
        56         10          0          0          0       2211   stm32f10x_bkp.o
       292          0          0          0          0      11447   stm32f10x_gpio.o
        26          0          0          0          0       4106   stm32f10x_it.o
        12          6          0          0          0        518   stm32f10x_pwr.o
       416         52          0         20          0      15445   stm32f10x_rcc.o
       120         24          0          0          0       2565   stm32f10x_rtc.o
       472          6          0          0          0      12895   stm32f10x_usart.o
       328         28          0          0          0      25181   system_stm32f10x.o
        56         10          0          0          0        536   usart1.o

    ----------------------------------------------------------------------
      8086        680       2652         40       4616     328367   Object Totals
         0          0         32          0          0          0   (incl. Generated)
        20          0          3          0          2          0   (incl. Padding)

    ----------------------------------------------------------------------

      Code (inc. data)   RO Data    RW Data    ZI Data      Debug   Library Member Name

         8          0          0          0          0         68   __main.o
        14          0          0          0          0         68   __printf_wp.o
         0          0          0          0          0          0   __rtentry.o
        12          0          0          0          0          0   __rtentry2.o
         6          0          0          0          0          0   __rtentry4.o
        52          8          0          0          0          0   __scatter.o
        26          0          0          0          0          0   __scatter_copy.o
        28          0          0          0          0          0   __scatter_zi.o
       124          0          0          0          0         92   __strtoull.o
        28          0          0          0          0         68   _chval.o
        22          0          0          0          0        100   _rserrno.o
        64          0          0          0          0         84   _sgetc.o
       194          0          0          0          0         96   _strtoull.o
       228          4        148          0          0         96   bigflt0.o
      1924        136          0          0          0        756   btod.o
        10          0          0          0          0         68   defsig_exit.o
        50          0          0          0          0         88   defsig_general.o
        80         58          0          0          0         76   defsig_rtmem_inner.o
        14          0          0          0          0         80   defsig_rtmem_outer.o
        18          0          0          0          0         80   exit.o
        94          0          0          0          0         80   h1_alloc.o
        52          0          0          0          0         68   h1_extend.o
        78          0          0          0          0         80   h1_free.o
        14          0          0          0          0         84   h1_init.o
       184          0          0          0          0         92   h1_realloc.o
         6          0          0          0          0        152   heapauxi.o
         4          0          0          0          0        136   hguard.o
         0          0          0          0          0          0   indicate_semi.o
       138          0          0          0          0        168   init_alloc.o
        18          0          0          0          0         76   isspace.o
        44         10        272          0          0         76   lc_ctype_c.o
        44         10         28          0          0         76   lc_numeric_c.o
         2          0          0          0          0          0   libinit.o
        38          0          0          0          0          0   libinit2.o
         2          0          0          0          0          0   libshutdown.o
         2          0          0          0          0          0   libshutdown2.o
         8          4          0          0         96         68   libspace.o
        38          0          0          0          0         68   llshl.o
       238          0          0          0          0        100   lludivv7m.o
         0          0          0          0          0          0   maybetermalloc1.o
        16          4          0          0          0         76   rt_ctype_table.o
         8          4          0          0          0         68   rt_errno_addr_intlibspace.o
         8          4          0          0          0         68   rt_heap_descriptor_intlibspace.o
         8          4          0          0          0         68   rt_locale_intlibspace.o
        68          0          0          0          0         68   rt_memclr.o
        78          0          0          0          0         80   rt_memclr_w.o
       100          0          0          0          0         80   rt_memcpy_w.o
         2          0          0          0          0          0   rtexit.o
        10          0          0          0          0          0   rtexit2.o
      1272         16          0          0          0        168   scanf_fp.o
       800         14          0          0          0        100   scanf_hexfp.o
       308         16          0          0          0        100   scanf_infnan.o
        20          0          0          0          0         68   strchr.o
       128          0          0          0          0         68   strcmpv7m.o
        62          0          0          0          0         76   strlen.o
       150          0          0          0          0         80   strncmp.o
        36          0          0          0          0         80   strstr.o
       164         14          0          0          0        120   strtod.o
         4          0          0          0          0         68   strtoull.o
        12          4          0          0          0         68   sys_exit.o
        74          0          0          0          0         80   sys_stackheap_outer.o
        14          0          0          0          0         76   sys_wrch.o
        26          0          0          0          0         76   tolower.o
         2          0          0          0          0         68   use_no_semi.o
        98          4          0          0          0         92   d2f.o
        16          4          0          0          0         68   dcheck1.o
        24          0          0          0          0         68   dcmpi.o
       120          4          0          0          0         92   deqf.o
        94          4          0          0          0         92   dfix.o
       120          4          0          0          0         92   dleqf.o
       156          4          0          0          0         92   dnaninf.o
       108          0          0          0          0         80   drleqf.o
         0          0         16          0          0          0   fpconst.o
        10          0          0          0          0         68   fretinf.o
         6          0          0          0          0         68   istatus.o
       100          0          0          0          0         68   retnan.o
        92          0          0          0          0         68   scalbn.o
         4          0          0          0          0         68   scanf1.o
         8          0          0          0          0         84   scanf2.o
        48          0          0          0          0         68   trapv.o
         0          0          0          0          0          0   usenofp.o
        30          6          0          0          0        136   dunder.o
        88          8          0          0          0         76   frexp.o
       138          0          0          0          0        160   ldexp.o
       204          4          0          0          0        168   narrow.o
        28          0          0          0          0         80   strtod.o

    ----------------------------------------------------------------------
      8790        354        464          0         96       6736   Library Totals
        22          2          0          0          0          0   (incl. Padding)

    ----------------------------------------------------------------------

      Code (inc. data)   RO Data    RW Data    ZI Data      Debug   Library Name

      7276        310        448          0         96       4948   c_w.l
      1004         24         16          0          0       1168   fz_ws.l
       488         18          0          0          0        620   m_ws.l

    ----------------------------------------------------------------------
      8790        354        464          0         96       6736   Library Totals

    ----------------------------------------------------------------------

==============================================================================


      Code (inc. data)   RO Data    RW Data    ZI Data      Debug   

     16876       1034       3116         40       4712     326675   Grand Totals
     16876       1034       3116         40       4712     326675   ELF Image Totals
     16876       1034       3116         40          0          0   ROM Totals

==============================================================================

    Total RO  Size (Code + RO Data)                19992 (  19.52kB)
    Total RW  Size (RW Data + ZI Data)              4752 (   4.64kB)
    Total ROM Size (Code + RO Data + RW Data)      20032 (  19.56kB)

==============================================================================

